###############################################################################
#
# IAR ELF Linker V9.10.1.308/W64 for ARM                  29/Nov/2024  17:22:55
# Copyright 2007-2021 IAR Systems AB.
#
#    Output file  =
#        D:\Work\TA Work\03-Fall-24\CSE211 Introduction to
#        Embedded\2_Hands-on_Projects\Lab_Projects\6_Systick_GPIO_HAL\01_LED_HAL\Debug\Exe\01_LED_HAL.out
#    Map file     =
#        D:\Work\TA Work\03-Fall-24\CSE211 Introduction to
#        Embedded\2_Hands-on_Projects\Lab_Projects\6_Systick_GPIO_HAL\01_LED_HAL\Debug\List\01_LED_HAL.map
#    Command line =
#        -f "D:\Work\TA Work\03-Fall-24\CSE211 Introduction to
#        Embedded\2_Hands-on_Projects\Lab_Projects\6_Systick_GPIO_HAL\01_LED_HAL\Debug\Exe\01_LED_HAL.out.rsp"
#        ("D:\Work\TA Work\03-Fall-24\CSE211 Introduction to
#        Embedded\2_Hands-on_Projects\Lab_Projects\6_Systick_GPIO_HAL\01_LED_HAL\Debug\Obj\DIO.o"
#        "D:\Work\TA Work\03-Fall-24\CSE211 Introduction to
#        Embedded\2_Hands-on_Projects\Lab_Projects\6_Systick_GPIO_HAL\01_LED_HAL\Debug\Obj\LED.o"
#        "D:\Work\TA Work\03-Fall-24\CSE211 Introduction to
#        Embedded\2_Hands-on_Projects\Lab_Projects\6_Systick_GPIO_HAL\01_LED_HAL\Debug\Obj\main.o"
#        "D:\Work\TA Work\03-Fall-24\CSE211 Introduction to
#        Embedded\2_Hands-on_Projects\Lab_Projects\6_Systick_GPIO_HAL\01_LED_HAL\Debug\Obj\SysTick.o"
#        --no_out_extension -o "D:\Work\TA Work\03-Fall-24\CSE211 Introduction
#        to
#        Embedded\2_Hands-on_Projects\Lab_Projects\6_Systick_GPIO_HAL\01_LED_HAL\Debug\Exe\01_LED_HAL.out"
#        --redirect _Printf=_PrintfFullNoMb --redirect _Scanf=_ScanfFullNoMb
#        --map "D:\Work\TA Work\03-Fall-24\CSE211 Introduction to
#        Embedded\2_Hands-on_Projects\Lab_Projects\6_Systick_GPIO_HAL\01_LED_HAL\Debug\List\01_LED_HAL.map"
#        --config "C:\Program Files\IAR Systems\Embedded Workbench
#        9.0\arm\config\linker\TexasInstruments\TM4C123GH6.icf" --semihosting
#        --entry __iar_program_start --vfe --text_out locale)
#
###############################################################################

*******************************************************************************
*** RUNTIME MODEL ATTRIBUTES
***

CppFlavor       = *
__SystemLibrary = DLib
__dlib_version  = 6


*******************************************************************************
*** HEAP SELECTION
***

The basic heap was selected because no calls to memory allocation
functions were found in the application outside of system library
functions, and there are calls to deallocation functions in the
application.


*******************************************************************************
*** PLACEMENT SUMMARY
***

"A0":  place at address 0x0 { ro section .intvec };
"P1":  place in [from 0x0 to 0x3'ffff] { ro };
define block CSTACK with size = 4K, alignment = 8 { };
define block HEAP with size = 8K, alignment = 8 { };
"P2":  place in [from 0x2000'0000 to 0x2000'7fff] {
          rw, block CSTACK, block HEAP };

No sections matched the following patterns:

  rw  in "P2"


  Section   Kind         Address    Size  Object
  -------   ----         -------    ----  ------
"A0":                               0x40
  .intvec   ro code          0x0    0x40  vector_table_M.o [4]
                          - 0x40    0x40

"P1":                              0x2ec
  .text     ro code         0x40   0x17c  DIO.o [1]
  .text     ro code        0x1bc    0x9a  LED.o [1]
  .text     ro code        0x256     0x2  vectortrap_M.o [4]
  .text     ro code        0x258    0x34  SysTick.o [1]
  .text     ro code        0x28c    0x22  fpinit_M.o [3]
  .text     ro code        0x2b0    0x1e  cmain.o [4]
  .text     ro code        0x2ce     0x4  low_level_init.o [2]
  .text     ro code        0x2d2    0x18  main.o [1]
  .text     ro code        0x2ea     0x4  exit.o [2]
  .text     ro code        0x2f0     0xa  cexit.o [4]
  .text     ro code        0x2fc    0x14  exit.o [5]
  .text     ro code        0x310    0x1c  cstartup_M.o [4]
                         - 0x32c   0x2ec

"P2":                             0x1000
  CSTACK             0x2000'0000  0x1000  <Block>
    CSTACK  uninit   0x2000'0000  0x1000  <Block tail>
                   - 0x2000'1000  0x1000

Unused ranges:

         From           To      Size
         ----           --      ----
        0x32c     0x3'ffff  0x3'fcd4
  0x2000'1000  0x2000'7fff    0x7000



*******************************************************************************
*** MODULE SUMMARY
***

    Module            ro code  rw data
    ------            -------  -------
command line/config:
    ----------------------------------
    Total:

D:\Work\TA Work\03-Fall-24\CSE211 Introduction to Embedded\2_Hands-on_Projects\Lab_Projects\6_Systick_GPIO_HAL\01_LED_HAL\Debug\Obj: [1]
    DIO.o                 380
    LED.o                 154
    SysTick.o              52
    main.o                 24
    ----------------------------------
    Total:                610

dl7M_tln.a: [2]
    exit.o                  4
    low_level_init.o        4
    ----------------------------------
    Total:                  8

m7M_tls.a: [3]
    fpinit_M.o             34
    ----------------------------------
    Total:                 34

rt7M_tl.a: [4]
    cexit.o                10
    cmain.o                30
    cstartup_M.o           28
    vector_table_M.o       64
    vectortrap_M.o          2
    ----------------------------------
    Total:                134

shb_l.a: [5]
    exit.o                 20
    ----------------------------------
    Total:                 20

    Gaps                    6
    Linker created               4'096
--------------------------------------
    Grand Total:          812    4'096


*******************************************************************************
*** ENTRY LIST
***

Entry                     Address  Size  Type      Object
-----                     -------  ----  ----      ------
?main                       0x2b1        Code  Gb  cmain.o [4]
BusFault_Handler            0x257        Code  Wk  vectortrap_M.o [4]
CSTACK$$Base          0x2000'0000         --   Gb  - Linker created -
CSTACK$$Limit         0x2000'1000         --   Gb  - Linker created -
DebugMon_Handler            0x257        Code  Wk  vectortrap_M.o [4]
HardFault_Handler           0x257        Code  Wk  vectortrap_M.o [4]
LED_Blink                   0x209  0x4e  Code  Gb  LED.o [1]
LED_Init                    0x1bd   0xe  Code  Gb  LED.o [1]
LED_Off                     0x1e9  0x20  Code  Gb  LED.o [1]
LED_On                      0x1cb  0x1e  Code  Gb  LED.o [1]
MemManage_Handler           0x257        Code  Wk  vectortrap_M.o [4]
NMI_Handler                 0x257        Code  Wk  vectortrap_M.o [4]
PendSV_Handler              0x257        Code  Wk  vectortrap_M.o [4]
Region$$Table$$Base           0x0         --   Gb  - Linker created -
Region$$Table$$Limit          0x0         --   Gb  - Linker created -
SVC_Handler                 0x257        Code  Wk  vectortrap_M.o [4]
SysTick_Handler             0x257        Code  Wk  vectortrap_M.o [4]
SysTick_Init                0x259  0x18  Code  Gb  SysTick.o [1]
SysTick_Is_Time_Out         0x271   0xc  Code  Gb  SysTick.o [1]
UsageFault_Handler          0x257        Code  Wk  vectortrap_M.o [4]
__cmain                     0x2b1        Code  Gb  cmain.o [4]
__exit                      0x2fd  0x14  Code  Gb  exit.o [5]
__iar_init_vfp              0x28d        Code  Gb  fpinit_M.o [3]
__iar_program_start         0x311        Code  Gb  cstartup_M.o [4]
__low_level_init            0x2cf   0x4  Code  Gb  low_level_init.o [2]
__vector_table                0x0        Data  Gb  vector_table_M.o [4]
_call_main                  0x2bd        Code  Gb  cmain.o [4]
_exit                       0x2f1        Code  Gb  cexit.o [4]
dio_init                     0x41  0xd8  Code  Gb  DIO.o [1]
dio_readport                0x119  0x42  Code  Gb  DIO.o [1]
dio_writeport               0x15b  0x40  Code  Gb  DIO.o [1]
exit                        0x2eb   0x4  Code  Gb  exit.o [2]
main                        0x2d3  0x18  Code  Gb  main.o [1]


[1] = D:\Work\TA Work\03-Fall-24\CSE211 Introduction to Embedded\2_Hands-on_Projects\Lab_Projects\6_Systick_GPIO_HAL\01_LED_HAL\Debug\Obj
[2] = dl7M_tln.a
[3] = m7M_tls.a
[4] = rt7M_tl.a
[5] = shb_l.a

    812 bytes of readonly  code memory
  4'096 bytes of readwrite data memory

Errors: none
Warnings: none
