
Memory Configuration

Name             Origin             Length             Attributes
FLASH            0x00000000         0x00040000         xr
SRAM             0x20000000         0x00008000         xrw
*default*        0x00000000         0xffffffff

Linker script and memory map


.startup        0x00000000       0x10
 startup.o(.text)
 .text          0x00000000       0x10 startup.o
                0x00000000                _start

.text           0x00000010       0xa0
 *(.text)
 .text          0x00000010       0xa0 main.o
                0x00000010                delay
                0x0000003c                main
 *(.rodata)

.glue_7         0x000000b0        0x0
 .glue_7        0x00000000        0x0 linker stubs

.glue_7t        0x000000b0        0x0
 .glue_7t       0x00000000        0x0 linker stubs

.vfp11_veneer   0x000000b0        0x0
 .vfp11_veneer  0x00000000        0x0 linker stubs

.v4_bx          0x000000b0        0x0
 .v4_bx         0x00000000        0x0 linker stubs

.iplt           0x000000b0        0x0
 .iplt          0x00000000        0x0 startup.o

.rel.dyn        0x000000b0        0x0
 .rel.iplt      0x00000000        0x0 startup.o

.data           0x20000000        0x0 load address 0x000000b0
 *(.data)
 .data          0x20000000        0x0 startup.o
 .data          0x20000000        0x0 main.o

.igot.plt       0x20000000        0x0 load address 0x000000b0
 .igot.plt      0x00000000        0x0 startup.o

.bss            0x20000000        0x0 load address 0x000000b0
 *(.bss)
 .bss           0x20000000        0x0 startup.o
 .bss           0x20000000        0x0 main.o
 *(COMMON)
LOAD main.o
LOAD startup.o
OUTPUT(ARM-GCC.elf elf32-littlearm)

.ARM.attributes
                0x00000000       0x2f
 .ARM.attributes
                0x00000000       0x21 startup.o
 .ARM.attributes
                0x00000021       0x33 main.o

.comment        0x00000000       0x11
 .comment       0x00000000       0x11 main.o
                                 0x12 (size before relaxing)

.debug_line     0x00000000       0x90
 .debug_line    0x00000000       0x3b startup.o
 .debug_line    0x0000003b       0x55 main.o

.debug_info     0x00000000      0x12d
 .debug_info    0x00000000       0xac startup.o
 .debug_info    0x000000ac       0x81 main.o

.debug_abbrev   0x00000000       0x8c
 .debug_abbrev  0x00000000       0x14 startup.o
 .debug_abbrev  0x00000014       0x78 main.o

.debug_aranges  0x00000000       0x40
 .debug_aranges
                0x00000000       0x20 startup.o
 .debug_aranges
                0x00000020       0x20 main.o

.debug_loc      0x00000000       0x64
 .debug_loc     0x00000000       0x64 main.o

.debug_str      0x00000000       0x9e
 .debug_str     0x00000000       0x9e main.o

.debug_frame    0x00000000       0x48
 .debug_frame   0x00000000       0x48 main.o
