###############################################################################
#
# IAR ELF Linker V9.10.1.308/W64 for ARM                  25/Dec/2024  04:30:09
# Copyright 2007-2021 IAR Systems AB.
#
#    Output file  =
#        D:\Embedded\Introduction to Embedded course fall
#        2024\Project\Testing_Temp\Prohect_Temp\Debug\Exe\Project_temp.out
#    Map file     =
#        D:\Embedded\Introduction to Embedded course fall
#        2024\Project\Testing_Temp\Prohect_Temp\Debug\List\Project_temp.map
#    Command line =
#        -f "D:\Embedded\Introduction to Embedded course fall
#        2024\Project\Testing_Temp\Prohect_Temp\Debug\Exe\Project_temp.out.rsp"
#        ("D:\Embedded\Introduction to Embedded course fall
#        2024\Project\Testing_Temp\Prohect_Temp\Debug\Obj\main.o"
#        "D:\Embedded\Introduction to Embedded course fall
#        2024\Project\Testing_Temp\Prohect_Temp\Debug\Obj\SysTick.o"
#        --no_out_extension -o "D:\Embedded\Introduction to Embedded course
#        fall
#        2024\Project\Testing_Temp\Prohect_Temp\Debug\Exe\Project_temp.out"
#        --redirect _Printf=_PrintfFullNoMb --redirect _Scanf=_ScanfFullNoMb
#        --map "D:\Embedded\Introduction to Embedded course fall
#        2024\Project\Testing_Temp\Prohect_Temp\Debug\List\Project_temp.map"
#        --config "C:\Program Files\IAR Systems\Embedded Workbench
#        9.0\arm\CONFIG\generic_cortex.icf" --semihosting --entry
#        __iar_program_start --vfe --text_out locale)
#
###############################################################################

*******************************************************************************
*** RUNTIME MODEL ATTRIBUTES
***

CppFlavor       = *
__SystemLibrary = DLib
__dlib_version  = 6


*******************************************************************************
*** HEAP SELECTION
***

The basic heap was selected because no calls to memory allocation
functions were found in the application outside of system library
functions, and there are calls to deallocation functions in the
application.


*******************************************************************************
*** PLACEMENT SUMMARY
***

"A0":  place at address 0x0 { ro section .intvec };
"P1":  place in [from 0x0 to 0x7'ffff] { ro };
define block CSTACK with size = 1K, alignment = 8 { };
define block PROC_STACK with size = 0, alignment = 8 { };
define block HEAP with size = 2K, alignment = 8 { };
"P2":  place in [from 0x2000'0000 to 0x2000'ffff] {
          rw, block CSTACK, block PROC_STACK, block HEAP };

  Section          Kind         Address    Size  Object
  -------          ----         -------    ----  ------
"A0":                                      0x40
  .intvec          ro code          0x0    0x40  vector_table_M.o [4]
                                 - 0x40    0x40

"P1":                                    0x2100
  .text            ro code         0x40   0xf16  xprintffull_nomb.o [2]
  .text            ro code        0xf56     0xa  xsprout.o [2]
  .text            ro code        0xf60    0x16  strchr.o [4]
  .text            ro code        0xf76     0x2  vectortrap_M.o [4]
  .text            ro code        0xf78    0x40  xfail_s.o [2]
  .text            ro code        0xfb8    0x36  strlen.o [4]
  .text            ro code        0xff0    0x58  memchr.o [4]
  .text            ro code       0x1048    0x76  ABImemcpy_unaligned.o [4]
  .text            ro code       0x10c0    0x70  frexp.o [3]
  .text            ro code       0x1130    0x34  DblCmpLe.o [3]
  .text            ro code       0x1164    0x34  DblCmpGe.o [3]
  .text            ro code       0x1198   0x13a  ldexp.o [3]
  .text            ro code       0x12d4    0x36  DblToS32.o [3]
  .text            ro code       0x130c    0x22  S32ToDbl.o [3]
  .text            ro code       0x1330   0x24e  DblAddSub.o [3]
  .text            ro code       0x1580   0x246  DblDiv.o [3]
  .text            ro code       0x17c8    0x22  DblToU32.o [3]
  .text            ro code       0x17ec    0x1c  U32ToDbl.o [3]
  .text            ro code       0x1808   0x1aa  DblMul.o [3]
  .text            ro code       0x19b4   0x230  I64DivMod.o [4]
  .text            ro code       0x1be4     0x6  abort.o [2]
  .text            ro code       0x1bec     0x2  I64DivZer.o [4]
  .text            ro code       0x1bf0    0x14  exit.o [5]
  .text            ro code       0x1c04   0x386  main.o [1]
  .text            ro code       0x1f8c    0x48  FltToDbl.o [3]
  .text            ro code       0x1fd4    0x40  sprintf.o [2]
  .text            ro code       0x2014    0x1a  U32ToFlt.o [3]
  .text            ro code       0x2030    0x28  FltCmpGe.o [3]
  .text            ro code       0x2058    0x38  zero_init3.o [4]
  .text            ro code       0x2090    0x28  data_init.o [4]
  .iar.init_table  const         0x20b8    0x10  - Linker created -
  .text            ro code       0x20c8    0x1e  cmain.o [4]
  .text            ro code       0x20e6     0x4  low_level_init.o [2]
  .text            ro code       0x20ea     0x4  exit.o [2]
  .text            ro code       0x20f0     0xa  cexit.o [4]
  .text            ro code       0x20fc    0x1c  cstartup_M.o [4]
  .rodata          const         0x2118    0x10  main.o [1]
  .rodata          const         0x2128     0xc  main.o [1]
  .rodata          const         0x2134     0xc  main.o [1]
  .rodata          const         0x2140     0x0  zero_init3.o [4]
                               - 0x2140  0x2100

"P2", part 1 of 2:                          0x8
  .bss             zero     0x2000'0000     0x4  xfail_s.o [2]
  .bss             zero     0x2000'0004     0x1  main.o [1]
  .bss             zero     0x2000'0005     0x1  main.o [1]
                          - 0x2000'0006     0x6

"P2", part 2 of 2:                        0x400
  CSTACK                    0x2000'0008   0x400  <Block>
    CSTACK         uninit   0x2000'0008   0x400  <Block tail>
                          - 0x2000'0408   0x400

Unused ranges:

         From           To      Size
         ----           --      ----
       0x2140     0x7'ffff  0x7'dec0
  0x2000'0408  0x2000'ffff    0xfbf8


*******************************************************************************
*** INIT TABLE
***

          Address      Size
          -------      ----
Zero (__iar_zero_init3)
    1 destination range, total size 0x6:
          0x2000'0000   0x6



*******************************************************************************
*** MODULE SUMMARY
***

    Module                 ro code  ro data  rw data
    ------                 -------  -------  -------
command line/config:
    ------------------------------------------------
    Total:

D:\Embedded\Introduction to Embedded course fall 2024\Project\Testing_Temp\Prohect_Temp\Debug\Obj: [1]
    main.o                     902       40        2
    ------------------------------------------------
    Total:                     902       40        2

dl7M_tln.a: [2]
    abort.o                      6
    exit.o                       4
    low_level_init.o             4
    sprintf.o                   64
    xfail_s.o                   64                 4
    xprintffull_nomb.o       3'862
    xsprout.o                   10
    ------------------------------------------------
    Total:                   4'014                 4

m7M_tl.a: [3]
    DblAddSub.o                590
    DblCmpGe.o                  52
    DblCmpLe.o                  52
    DblDiv.o                   582
    DblMul.o                   426
    DblToS32.o                  54
    DblToU32.o                  34
    FltCmpGe.o                  40
    FltToDbl.o                  72
    S32ToDbl.o                  34
    U32ToDbl.o                  28
    U32ToFlt.o                  26
    frexp.o                    112
    ldexp.o                    314
    ------------------------------------------------
    Total:                   2'416

rt7M_tl.a: [4]
    ABImemcpy_unaligned.o      118
    I64DivMod.o                560
    I64DivZer.o                  2
    cexit.o                     10
    cmain.o                     30
    cstartup_M.o                28
    data_init.o                 40
    memchr.o                    88
    strchr.o                    22
    strlen.o                    54
    vector_table_M.o            64
    vectortrap_M.o               2
    zero_init3.o                56
    ------------------------------------------------
    Total:                   1'074

shb_l.a: [5]
    exit.o                      20
    ------------------------------------------------
    Total:                      20

    Gaps                        30
    Linker created                       16    1'024
----------------------------------------------------
    Grand Total:             8'456       56    1'030


*******************************************************************************
*** ENTRY LIST
***

Entry                       Address   Size  Type      Object
-----                       -------   ----  ----      ------
.iar.init_table$$Base        0x20b8          --   Gb  - Linker created -
.iar.init_table$$Limit       0x20c8          --   Gb  - Linker created -
?main                        0x20c9         Code  Gb  cmain.o [4]
ADC0_Init                    0x1ded   0x6e  Code  Gb  main.o [1]
BusFault_Handler              0xf77         Code  Wk  vectortrap_M.o [4]
CSTACK$$Base            0x2000'0008          --   Gb  - Linker created -
CSTACK$$Limit           0x2000'0408          --   Gb  - Linker created -
DebugMon_Handler              0xf77         Code  Wk  vectortrap_M.o [4]
GPIOE_Init                   0x1dc7   0x26  Code  Gb  main.o [1]
GPIOF_Init                   0x1d7d   0x4a  Code  Gb  main.o [1]
HardFault_Handler             0xf77         Code  Wk  vectortrap_M.o [4]
MemManage_Handler             0xf77         Code  Wk  vectortrap_M.o [4]
NMI_Handler                   0xf77         Code  Wk  vectortrap_M.o [4]
PendSV_Handler                0xf77         Code  Wk  vectortrap_M.o [4]
Read                         0x1e83   0x42  Code  Gb  main.o [1]
Region$$Table$$Base          0x20b8          --   Gb  - Linker created -
Region$$Table$$Limit         0x20c8          --   Gb  - Linker created -
SVC_Handler                   0xf77         Code  Wk  vectortrap_M.o [4]
SysTick_Handler               0xf77         Code  Wk  vectortrap_M.o [4]
UART0_Init                   0x1cf5   0x6e  Code  Gb  main.o [1]
UART0_SendString             0x1d63   0x1a  Code  Gb  main.o [1]
UsageFault_Handler            0xf77         Code  Wk  vectortrap_M.o [4]
_LitobFullNoMb                0xd5d  0x10c  Code  Lc  xprintffull_nomb.o [2]
_PrintfFullNoMb                0x41  0xcec  Code  Gb  xprintffull_nomb.o [2]
_PutcharFullNoMb              0xec1   0x20  Code  Lc  xprintffull_nomb.o [2]
_PutcharsFullNoMb             0xee1   0x2e  Code  Lc  xprintffull_nomb.o [2]
_SProut                       0xf57    0xa  Code  Gb  xsprout.o [2]
__aeabi_cdcmple              0x1131         Code  Gb  DblCmpLe.o [3]
__aeabi_cdrcmple             0x1165         Code  Gb  DblCmpGe.o [3]
__aeabi_cfrcmple             0x2031         Code  Gb  FltCmpGe.o [3]
__aeabi_d2iz                 0x12d5         Code  Gb  DblToS32.o [3]
__aeabi_d2uiz                0x17c9         Code  Gb  DblToU32.o [3]
__aeabi_ddiv                 0x1581         Code  Gb  DblDiv.o [3]
__aeabi_dmul                 0x1809         Code  Gb  DblMul.o [3]
__aeabi_dsub                 0x149d         Code  Gb  DblAddSub.o [3]
__aeabi_f2d                  0x1f8d         Code  Gb  FltToDbl.o [3]
__aeabi_i2d                  0x130d         Code  Gb  S32ToDbl.o [3]
__aeabi_ldiv0                0x1bed         Code  Gb  I64DivZer.o [4]
__aeabi_ui2d                 0x17ed         Code  Gb  U32ToDbl.o [3]
__aeabi_ui2f                 0x2015         Code  Gb  U32ToFlt.o [3]
__aeabi_uldivmod             0x19b5         Code  Gb  I64DivMod.o [4]
__cmain                      0x20c9         Code  Gb  cmain.o [4]
__exit                       0x1bf1   0x14  Code  Gb  exit.o [5]
__iar_Fail_s                  0xf79   0x1c  Code  Gb  xfail_s.o [2]
__iar_Memchr                  0xff1         Code  Gb  memchr.o [4]
__iar_Strchr                  0xf61         Code  Gb  strchr.o [4]
__iar_data_init3             0x2091   0x28  Code  Gb  data_init.o [4]
__iar_frexp                  0x10cd         Code  Gb  frexp.o [3]
__iar_frexp64                0x10c1         Code  Gb  frexp.o [3]
__iar_frexpl                 0x10cd         Code  Gb  frexp.o [3]
__iar_ldexp64                0x1199         Code  Gb  ldexp.o [3]
__iar_program_start          0x20fd         Code  Gb  cstartup_M.o [4]
__iar_scalbln64              0x1199         Code  Gb  ldexp.o [3]
__iar_scalbn64               0x1199         Code  Gb  ldexp.o [3]
__iar_unaligned_memcpy       0x1049         Code  Gb  ABImemcpy_unaligned.o [4]
__iar_unaligned_memcpy4
                             0x1069         Code  Gb  ABImemcpy_unaligned.o [4]
__iar_unaligned_memcpy8
                             0x1069         Code  Gb  ABImemcpy_unaligned.o [4]
__iar_zero_init3             0x2059   0x38  Code  Gb  zero_init3.o [4]
__low_level_init             0x20e7    0x4  Code  Gb  low_level_init.o [2]
__vector_table                  0x0         Data  Gb  vector_table_M.o [4]
_call_main                   0x20d5         Code  Gb  cmain.o [4]
_exit                        0x20f1         Code  Gb  cexit.o [4]
abort                        0x1be5    0x6  Code  Gb  abort.o [2]
delay_ms                     0x1f75   0x16  Code  Gb  main.o [1]
exit                         0x20eb    0x4  Code  Gb  exit.o [2]
frexp                        0x10c1         Code  Gb  frexp.o [3]
frexpl                       0x10c1         Code  Gb  frexp.o [3]
lamp_state              0x2000'0004    0x1  Data  Gb  main.o [1]
ldexp                        0x1199         Code  Gb  ldexp.o [3]
ldexpl                       0x1199         Code  Gb  ldexp.o [3]
main                         0x1c05   0xf0  Code  Gb  main.o [1]
memchr                        0xff1         Code  Gb  memchr.o [4]
plug_state              0x2000'0005    0x1  Data  Gb  main.o [1]
readDHT11                    0x1e5b   0x28  Code  Gb  main.o [1]
scalbln                      0x1199         Code  Gb  ldexp.o [3]
scalblnl                     0x1199         Code  Gb  ldexp.o [3]
scalbn                       0x1199         Code  Gb  ldexp.o [3]
scalbnl                      0x1199         Code  Gb  ldexp.o [3]
scale                         0xe69   0x46  Code  Lc  xprintffull_nomb.o [2]
sec_hand                0x2000'0000    0x4  Data  Lc  xfail_s.o [2]
sprintf                      0x1fd5   0x40  Code  Gb  sprintf.o [2]
strchr                        0xf61         Code  Gb  strchr.o [4]
strlen                        0xfb9         Code  Gb  strlen.o [4]
triggerAlarm                 0x1ec5   0x26  Code  Gb  main.o [1]


[1] = D:\Embedded\Introduction to Embedded course fall 2024\Project\Testing_Temp\Prohect_Temp\Debug\Obj
[2] = dl7M_tln.a
[3] = m7M_tl.a
[4] = rt7M_tl.a
[5] = shb_l.a

  8'456 bytes of readonly  code memory
     56 bytes of readonly  data memory
  1'030 bytes of readwrite data memory

Errors: none
Warnings: none
