###############################################################################
#
# IAR ELF Linker V9.10.1.308/W64 for ARM                  04/Dec/2024  22:41:49
# Copyright 2007-2021 IAR Systems AB.
#
#    Output file  =
#        D:\Work\TA Work\03-Fall-24\CSE211 Introduction to
#        Embedded\2_Hands-on_Projects\Lab_Projects\7_Systick_Interrupt\03-Tivaware-Usage\Debug\Exe\03-Tivaware-Usage.out
#    Map file     =
#        D:\Work\TA Work\03-Fall-24\CSE211 Introduction to
#        Embedded\2_Hands-on_Projects\Lab_Projects\7_Systick_Interrupt\03-Tivaware-Usage\Debug\List\03-Tivaware-Usage.map
#    Command line =
#        -f "D:\Work\TA Work\03-Fall-24\CSE211 Introduction to
#        Embedded\2_Hands-on_Projects\Lab_Projects\7_Systick_Interrupt\03-Tivaware-Usage\Debug\Exe\03-Tivaware-Usage.out.rsp"
#        ("D:\Work\TA Work\03-Fall-24\CSE211 Introduction to
#        Embedded\2_Hands-on_Projects\Lab_Projects\7_Systick_Interrupt\03-Tivaware-Usage\Debug\Obj\main.o"
#        "D:\Work\TA Work\03-Fall-24\CSE211 Introduction to
#        Embedded\2_Hands-on_Projects\Lab_Projects\7_Systick_Interrupt\03-Tivaware-Usage\Debug\Obj\startup_ewarm.o"
#        --no_out_extension -o "D:\Work\TA Work\03-Fall-24\CSE211 Introduction
#        to
#        Embedded\2_Hands-on_Projects\Lab_Projects\7_Systick_Interrupt\03-Tivaware-Usage\Debug\Exe\03-Tivaware-Usage.out"
#        --redirect _Printf=_PrintfFullNoMb --redirect _Scanf=_ScanfFullNoMb
#        --map "D:\Work\TA Work\03-Fall-24\CSE211 Introduction to
#        Embedded\2_Hands-on_Projects\Lab_Projects\7_Systick_Interrupt\03-Tivaware-Usage\Debug\List\03-Tivaware-Usage.map"
#        --config "C:\Program Files\IAR Systems\Embedded Workbench
#        9.0\arm\config\linker\TexasInstruments\TM4C123GH6.icf" --semihosting
#        C:\ti\TivaWare_C_Series-2.2.0.295\driverlib\ewarm\Exe\driverlib.a
#        --entry __iar_program_start --vfe --text_out locale)
#
###############################################################################

*******************************************************************************
*** MESSAGES
***

Warning[Lt009]: Inconsistent wchar_t size
            gpio.o(driverlib.a) and 4 other objects in driverlib.a have wchar_t
                      size 16 bits
            main.o and 14 other objects, some of them in dl7M_tln.a and 11
                      other libraries have wchar_t size 32 bits


*******************************************************************************
*** RUNTIME MODEL ATTRIBUTES
***

CppFlavor       = *
__SystemLibrary = DLib
__dlib_version  = 6


*******************************************************************************
*** HEAP SELECTION
***

The basic heap was selected because no calls to memory allocation
functions were found in the application outside of system library
functions, and there are calls to deallocation functions in the
application.


*******************************************************************************
*** PLACEMENT SUMMARY
***

"A0":  place at address 0x0 { ro section .intvec };
"P1":  place in [from 0x0 to 0x3'ffff] { ro };
define block CSTACK with size = 4K, alignment = 8 { };
define block HEAP with size = 8K, alignment = 8 { };
"P2":  place in [from 0x2000'0000 to 0x2000'7fff] {
          rw, block CSTACK, block HEAP };
do not initialize { rw section .noinit };

  Section          Kind         Address   Size  Object
  -------          ----         -------   ----  ------
"A0":                                    0x26c
  .intvec          const            0x0  0x26c  startup_ewarm.o [1]
                                - 0x26c  0x26c

"P1":                                    0x56c
  .text            ro code        0x26c  0x1e8  sysctl.o [3]
  .text            ro code        0x454  0x1d0  gpio.o [3]
  .text            ro code        0x624   0x74  main.o [1]
  .text            ro code        0x698   0x28  systick.o [3]
  .text            ro code        0x6c0   0x38  zero_init3.o [5]
  .text            ro code        0x6f8   0x28  data_init.o [5]
  .text            ro code        0x720   0x22  fpinit_M.o [4]
  .iar.init_table  const          0x744   0x10  - Linker created -
  .text            ro code        0x754   0x1e  startup_ewarm.o [1]
  .text            ro code        0x774   0x1c  cstartup_M.o [5]
  .text            ro code        0x790   0x1e  cmain.o [5]
  .text            ro code        0x7ae    0x4  low_level_init.o [2]
  .text            ro code        0x7b2    0x4  exit.o [2]
  .text            ro code        0x7b8    0xa  cexit.o [5]
  .text            ro code        0x7c4   0x14  exit.o [6]
  .rodata          const          0x7d8    0x0  zero_init3.o [5]
                                - 0x7d8  0x56c

"P2", part 1 of 2:                         0x4
  .bss             zero     0x2000'0000    0x4  main.o [1]
                          - 0x2000'0004    0x4

"P2", part 2 of 2:                       0x200
  .noinit          uninit   0x2000'0004  0x200  startup_ewarm.o [1]
                          - 0x2000'0204  0x200

Unused ranges:

         From           To      Size
         ----           --      ----
        0x7d8     0x3'ffff  0x3'f828
  0x2000'0204  0x2000'7fff    0x7dfc


*******************************************************************************
*** INIT TABLE
***

          Address      Size
          -------      ----
Zero (__iar_zero_init3)
    1 destination range, total size 0x4:
          0x2000'0000   0x4



*******************************************************************************
*** MODULE SUMMARY
***

    Module            ro code  ro data  rw data
    ------            -------  -------  -------
command line/config:
    -------------------------------------------
    Total:

D:\Work\TA Work\03-Fall-24\CSE211 Introduction to Embedded\2_Hands-on_Projects\Lab_Projects\7_Systick_Interrupt\03-Tivaware-Usage\Debug\Obj: [1]
    main.o                116                 4
    startup_ewarm.o        30      620      512
    -------------------------------------------
    Total:                146      620      516

dl7M_tln.a: [2]
    exit.o                  4
    low_level_init.o        4
    -------------------------------------------
    Total:                  8

driverlib.a: [3]
    gpio.o                464
    sysctl.o              488
    systick.o              40
    -------------------------------------------
    Total:                992

m7M_tls.a: [4]
    fpinit_M.o             34
    -------------------------------------------
    Total:                 34

rt7M_tl.a: [5]
    cexit.o                10
    cmain.o                30
    cstartup_M.o           28
    data_init.o            40
    zero_init3.o           56
    -------------------------------------------
    Total:                164

shb_l.a: [6]
    exit.o                 20
    -------------------------------------------
    Total:                 20

    Gaps                    6        2
    Linker created                  16
-----------------------------------------------
    Grand Total:        1'370      638      516


*******************************************************************************
*** ENTRY LIST
***

Entry                       Address   Size  Type      Object
-----                       -------   ----  ----      ------
.iar.init_table$$Base         0x744          --   Gb  - Linker created -
.iar.init_table$$Limit        0x754          --   Gb  - Linker created -
?main                         0x791         Code  Gb  cmain.o [5]
FaultISR                      0x76f    0x2  Code  Lc  startup_ewarm.o [1]
GPIODirModeSet                0x455   0x28  Code  Gb  gpio.o [3]
GPIOPadConfigSet              0x47d  0x174  Code  Gb  gpio.o [3]
GPIOPinRead                   0x5f1    0x6  Code  Gb  gpio.o [3]
GPIOPinTypeGPIOOutput         0x5fd    0xa  Code  Gb  gpio.o [3]
GPIOPinWrite                  0x5f7    0x6  Code  Gb  gpio.o [3]
IntDefaultHandler             0x771    0x2  Code  Lc  startup_ewarm.o [1]
NmiSR                         0x76d    0x2  Code  Lc  startup_ewarm.o [1]
Region$$Table$$Base           0x744          --   Gb  - Linker created -
Region$$Table$$Limit          0x754          --   Gb  - Linker created -
ResetISR                      0x755   0x14  Code  Gb  startup_ewarm.o [1]
SysCtlClockGet                0x2a9  0x110  Code  Gb  sysctl.o [3]
SysCtlPeripheralEnable        0x28d    0x8  Code  Gb  sysctl.o [3]
SysCtlPeripheralReady         0x26d    0x8  Code  Gb  sysctl.o [3]
SysTickEnable                 0x699    0xc  Code  Gb  systick.o [3]
SysTickIntEnable              0x6a5    0xc  Code  Gb  systick.o [3]
SysTickPeriodSet              0x6b1    0x8  Code  Gb  systick.o [3]
SysTick_Handler               0x625    0xc  Code  Gb  main.o [1]
__cmain                       0x791         Code  Gb  cmain.o [5]
__exit                        0x7c5   0x14  Code  Gb  exit.o [6]
__iar_data_init3              0x6f9   0x28  Code  Gb  data_init.o [5]
__iar_init_vfp                0x721         Code  Gb  fpinit_M.o [4]
__iar_program_start           0x775         Code  Gb  cstartup_M.o [5]
__iar_zero_init3              0x6c1   0x38  Code  Gb  zero_init3.o [5]
__low_level_init              0x7af    0x4  Code  Gb  low_level_init.o [2]
__vector_table                  0x0  0x26c  Data  Gb  startup_ewarm.o [1]
_call_main                    0x79d         Code  Gb  cmain.o [5]
_exit                         0x7b9         Code  Gb  cexit.o [5]
exit                          0x7b3    0x4  Code  Gb  exit.o [2]
g_pui32Xtals                  0x3e8   0x6c  Data  Lc  sysctl.o [3]
g_ui32SysTickCount      0x2000'0000    0x4  Data  Gb  main.o [1]
main                          0x631   0x5c  Code  Gb  main.o [1]
pui32Stack              0x2000'0004  0x200  Data  Lc  startup_ewarm.o [1]


[1] = D:\Work\TA Work\03-Fall-24\CSE211 Introduction to Embedded\2_Hands-on_Projects\Lab_Projects\7_Systick_Interrupt\03-Tivaware-Usage\Debug\Obj
[2] = dl7M_tln.a
[3] = driverlib.a
[4] = m7M_tls.a
[5] = rt7M_tl.a
[6] = shb_l.a

  1'370 bytes of readonly  code memory
    638 bytes of readonly  data memory
    516 bytes of readwrite data memory

Errors: none
Warnings: 1
