###############################################################################
#
# IAR ELF Linker V9.10.1.308/W64 for ARM                  28/Sep/2024  21:36:57
# Copyright 2007-2021 IAR Systems AB.
#
#    Output file  =
#        C:\Users\ahmed\OneDrive\Desktop\Embedded\Updated\lesson9 - lec5 -
#        Step1 - Stack - PUSH - POP\Debug\Exe\lesson9 - lec5 - Step1 - Stack -
#        PUSH - POP.out
#    Map file     =
#        C:\Users\ahmed\OneDrive\Desktop\Embedded\Updated\lesson9 - lec5 -
#        Step1 - Stack - PUSH - POP\Debug\List\lesson9 - lec5 - Step1 - Stack -
#        PUSH - POP.map
#    Command line =
#        -f "C:\Users\ahmed\OneDrive\Desktop\Embedded\Updated\lesson9 - lec5 -
#        Step1 - Stack - PUSH - POP\Debug\Exe\lesson9 - lec5 - Step1 - Stack -
#        PUSH - POP.out.rsp"
#        ("C:\Users\ahmed\OneDrive\Desktop\Embedded\Updated\lesson9 - lec5 -
#        Step1 - Stack - PUSH - POP\Debug\Obj\delay.o"
#        "C:\Users\ahmed\OneDrive\Desktop\Embedded\Updated\lesson9 - lec5 -
#        Step1 - Stack - PUSH - POP\Debug\Obj\main.o" --no_out_extension -o
#        "C:\Users\ahmed\OneDrive\Desktop\Embedded\Updated\lesson9 - lec5 -
#        Step1 - Stack - PUSH - POP\Debug\Exe\lesson9 - lec5 - Step1 - Stack -
#        PUSH - POP.out" --redirect _Printf=_PrintfFullNoMb --redirect
#        _Scanf=_ScanfFullNoMb --map
#        "C:\Users\ahmed\OneDrive\Desktop\Embedded\Updated\lesson9 - lec5 -
#        Step1 - Stack - PUSH - POP\Debug\List\lesson9 - lec5 - Step1 - Stack -
#        PUSH - POP.map" --config "C:\Program Files\IAR Systems\Embedded
#        Workbench 9.0\arm\CONFIG\generic_cortex.icf" --semihosting --entry
#        __iar_program_start --vfe --text_out locale)
#
###############################################################################

*******************************************************************************
*** RUNTIME MODEL ATTRIBUTES
***

CppFlavor       = *
__SystemLibrary = DLib
__dlib_version  = 6


*******************************************************************************
*** HEAP SELECTION
***

The basic heap was selected because no calls to memory allocation
functions were found in the application outside of system library
functions, and there are calls to deallocation functions in the
application.


*******************************************************************************
*** PLACEMENT SUMMARY
***

"A0":  place at address 0x0 { ro section .intvec };
"P1":  place in [from 0x0 to 0x7'ffff] { ro };
define block CSTACK with size = 1K, alignment = 8 { };
define block PROC_STACK with size = 0, alignment = 8 { };
define block HEAP with size = 2K, alignment = 8 { };
"P2":  place in [from 0x2000'0000 to 0x2000'ffff] {
          rw, block CSTACK, block PROC_STACK, block HEAP };

No sections matched the following patterns:

  rw  in "P2"


  Section   Kind         Address   Size  Object
  -------   ----         -------   ----  ------
"A0":                              0x40
  .intvec   ro code          0x0   0x40  vector_table_M.o [3]
                          - 0x40   0x40

"P1":                              0x74
  .text     ro code         0x40   0x1e  cmain.o [3]
  .text     ro code         0x5e    0x4  low_level_init.o [2]
  .text     ro code         0x62   0x12  main.o [1]
  .text     ro code         0x74    0x4  exit.o [2]
  .text     ro code         0x78    0xa  cexit.o [3]
  .text     ro code         0x82    0x2  vectortrap_M.o [3]
  .text     ro code         0x84   0x14  exit.o [4]
  .text     ro code         0x98   0x1c  cstartup_M.o [3]
                          - 0xb4   0x74

"P2":                             0x400
  CSTACK             0x2000'0000  0x400  <Block>
    CSTACK  uninit   0x2000'0000  0x400  <Block tail>
                   - 0x2000'0400  0x400

Unused ranges:

         From           To      Size
         ----           --      ----
         0xb4     0x7'ffff  0x7'ff4c
  0x2000'0400  0x2000'ffff    0xfc00



*******************************************************************************
*** MODULE SUMMARY
***

    Module            ro code  rw data
    ------            -------  -------
command line/config:
    ----------------------------------
    Total:

C:\Users\ahmed\OneDrive\Desktop\Embedded\Updated\lesson9 - lec5 - Step1 - Stack - PUSH - POP\Debug\Obj: [1]
    main.o                 18
    ----------------------------------
    Total:                 18

dl7M_tln.a: [2]
    exit.o                  4
    low_level_init.o        4
    ----------------------------------
    Total:                  8

rt7M_tl.a: [3]
    cexit.o                10
    cmain.o                30
    cstartup_M.o           28
    vector_table_M.o       64
    vectortrap_M.o          2
    ----------------------------------
    Total:                134

shb_l.a: [4]
    exit.o                 20
    ----------------------------------
    Total:                 20

    Linker created               1'024
--------------------------------------
    Grand Total:          180    1'024


*******************************************************************************
*** ENTRY LIST
***

Entry                     Address  Size  Type      Object
-----                     -------  ----  ----      ------
?main                        0x41        Code  Gb  cmain.o [3]
BusFault_Handler             0x83        Code  Wk  vectortrap_M.o [3]
CSTACK$$Base          0x2000'0000         --   Gb  - Linker created -
CSTACK$$Limit         0x2000'0400         --   Gb  - Linker created -
DebugMon_Handler             0x83        Code  Wk  vectortrap_M.o [3]
HardFault_Handler            0x83        Code  Wk  vectortrap_M.o [3]
MemManage_Handler            0x83        Code  Wk  vectortrap_M.o [3]
NMI_Handler                  0x83        Code  Wk  vectortrap_M.o [3]
PendSV_Handler               0x83        Code  Wk  vectortrap_M.o [3]
Region$$Table$$Base           0x0         --   Gb  - Linker created -
Region$$Table$$Limit          0x0         --   Gb  - Linker created -
SVC_Handler                  0x83        Code  Wk  vectortrap_M.o [3]
SysTick_Handler              0x83        Code  Wk  vectortrap_M.o [3]
UsageFault_Handler           0x83        Code  Wk  vectortrap_M.o [3]
__cmain                      0x41        Code  Gb  cmain.o [3]
__exit                       0x85  0x14  Code  Gb  exit.o [4]
__iar_program_start          0x99        Code  Gb  cstartup_M.o [3]
__low_level_init             0x5f   0x4  Code  Gb  low_level_init.o [2]
__vector_table                0x0        Data  Gb  vector_table_M.o [3]
_call_main                   0x4d        Code  Gb  cmain.o [3]
_exit                        0x79        Code  Gb  cexit.o [3]
addnum                       0x71   0x4  Code  Gb  main.o [1]
exit                         0x75   0x4  Code  Gb  exit.o [2]
main                         0x63   0xe  Code  Gb  main.o [1]


[1] = C:\Users\ahmed\OneDrive\Desktop\Embedded\Updated\lesson9 - lec5 - Step1 - Stack - PUSH - POP\Debug\Obj
[2] = dl7M_tln.a
[3] = rt7M_tl.a
[4] = shb_l.a

    180 bytes of readonly  code memory
  1'024 bytes of readwrite data memory

Errors: none
Warnings: none
