###############################################################################
#
# IAR ELF Linker V9.10.1.308/W64 for ARM                  26/Nov/2024  15:46:47
# Copyright 2007-2021 IAR Systems AB.
#
#    Output file  =
#        C:\Users\ahmed\Desktop\IAR-Projects-Second-Half\lec 9 _
#        Timer0_interrupt\Debug\Exe\lec9 _ Timer0_interrupt.out
#    Map file     =
#        C:\Users\ahmed\Desktop\IAR-Projects-Second-Half\lec 9 _
#        Timer0_interrupt\Debug\List\lec9 _ Timer0_interrupt.map
#    Command line =
#        -f "C:\Users\ahmed\Desktop\IAR-Projects-Second-Half\lec 9 _
#        Timer0_interrupt\Debug\Exe\lec9 _ Timer0_interrupt.out.rsp"
#        ("C:\Users\ahmed\Desktop\IAR-Projects-Second-Half\lec 9 _
#        Timer0_interrupt\Debug\Obj\main.o"
#        "C:\Users\ahmed\Desktop\IAR-Projects-Second-Half\lec 9 _
#        Timer0_interrupt\Debug\Obj\startup_ewarm.o" --no_out_extension -o
#        "C:\Users\ahmed\Desktop\IAR-Projects-Second-Half\lec 9 _
#        Timer0_interrupt\Debug\Exe\lec9 _ Timer0_interrupt.out" --redirect
#        _Printf=_PrintfFullNoMb --redirect _Scanf=_ScanfFullNoMb --map
#        "C:\Users\ahmed\Desktop\IAR-Projects-Second-Half\lec 9 _
#        Timer0_interrupt\Debug\List\lec9 _ Timer0_interrupt.map" --config
#        "C:\Program Files\IAR Systems\Embedded Workbench
#        9.0\arm\config\linker\TexasInstruments\TM4C123GH6.icf" --semihosting
#        --entry __iar_program_start --vfe --text_out locale)
#
###############################################################################

*******************************************************************************
*** RUNTIME MODEL ATTRIBUTES
***

CppFlavor       = *
__SystemLibrary = DLib
__dlib_version  = 6


*******************************************************************************
*** HEAP SELECTION
***

The basic heap was selected because no calls to memory allocation
functions were found in the application outside of system library
functions, and there are calls to deallocation functions in the
application.


*******************************************************************************
*** PLACEMENT SUMMARY
***

"A0":  place at address 0x0 { ro section .intvec };
"P1":  place in [from 0x0 to 0x3'ffff] { ro };
define block CSTACK with size = 4K, alignment = 8 { };
define block HEAP with size = 8K, alignment = 8 { };
"P2":  place in [from 0x2000'0000 to 0x2000'7fff] {
          rw, block CSTACK, block HEAP };
do not initialize { rw section .noinit };

  Section  Kind         Address   Size  Object
  -------  ----         -------   ----  ------
"A0":                            0x26c
  .intvec  const            0x0  0x26c  startup_ewarm.o [1]
                        - 0x26c  0x26c

"P1":                            0x148
  .text    ro code        0x26c   0xa0  main.o [1]
  .text    ro code        0x30c   0x22  fpinit_M.o [3]
  .text    ro code        0x330   0x1e  startup_ewarm.o [1]
  .text    ro code        0x350   0x1c  cstartup_M.o [4]
  .text    ro code        0x36c   0x1e  cmain.o [4]
  .text    ro code        0x38a    0x4  low_level_init.o [2]
  .text    ro code        0x38e    0x4  exit.o [2]
  .text    ro code        0x394    0xa  cexit.o [4]
  .text    ro code        0x3a0   0x14  exit.o [5]
                        - 0x3b4  0x148

"P2":                            0x200
  .noinit  uninit   0x2000'0000  0x200  startup_ewarm.o [1]
                  - 0x2000'0200  0x200

Unused ranges:

         From           To      Size
         ----           --      ----
        0x3b4     0x3'ffff  0x3'fc4c
  0x2000'0200  0x2000'7fff    0x7e00



*******************************************************************************
*** MODULE SUMMARY
***

    Module            ro code  ro data  rw data
    ------            -------  -------  -------
command line/config:
    -------------------------------------------
    Total:

C:\Users\ahmed\Desktop\IAR-Projects-Second-Half\lec 9 _ Timer0_interrupt\Debug\Obj: [1]
    main.o                160
    startup_ewarm.o        30      620      512
    -------------------------------------------
    Total:                190      620      512

dl7M_tln.a: [2]
    exit.o                  4
    low_level_init.o        4
    -------------------------------------------
    Total:                  8

m7M_tls.a: [3]
    fpinit_M.o             34
    -------------------------------------------
    Total:                 34

rt7M_tl.a: [4]
    cexit.o                10
    cmain.o                30
    cstartup_M.o           28
    -------------------------------------------
    Total:                 68

shb_l.a: [5]
    exit.o                 20
    -------------------------------------------
    Total:                 20

    Gaps                    8
-----------------------------------------------
    Grand Total:          328      620      512


*******************************************************************************
*** ENTRY LIST
***

Entry                     Address   Size  Type      Object
-----                     -------   ----  ----      ------
?main                       0x36d         Code  Gb  cmain.o [4]
FaultISR                    0x34b    0x2  Code  Lc  startup_ewarm.o [1]
IntDefaultHandler           0x34d    0x2  Code  Lc  startup_ewarm.o [1]
NmiSR                       0x349    0x2  Code  Lc  startup_ewarm.o [1]
Region$$Table$$Base           0x0          --   Gb  - Linker created -
Region$$Table$$Limit          0x0          --   Gb  - Linker created -
ResetISR                    0x331   0x14  Code  Gb  startup_ewarm.o [1]
Timer0AIntHandler           0x2c9   0x14  Code  Gb  main.o [1]
Timer0A_Init                0x289   0x40  Code  Gb  main.o [1]
__cmain                     0x36d         Code  Gb  cmain.o [4]
__exit                      0x3a1   0x14  Code  Gb  exit.o [5]
__iar_init_vfp              0x30d         Code  Gb  fpinit_M.o [3]
__iar_program_start         0x351         Code  Gb  cstartup_M.o [4]
__low_level_init            0x38b    0x4  Code  Gb  low_level_init.o [2]
__vector_table                0x0  0x26c  Data  Gb  startup_ewarm.o [1]
_call_main                  0x379         Code  Gb  cmain.o [4]
_exit                       0x395         Code  Gb  cexit.o [4]
exit                        0x38f    0x4  Code  Gb  exit.o [2]
main                        0x26d   0x1c  Code  Gb  main.o [1]
pui32Stack            0x2000'0000  0x200  Data  Lc  startup_ewarm.o [1]


[1] = C:\Users\ahmed\Desktop\IAR-Projects-Second-Half\lec 9 _ Timer0_interrupt\Debug\Obj
[2] = dl7M_tln.a
[3] = m7M_tls.a
[4] = rt7M_tl.a
[5] = shb_l.a

  328 bytes of readonly  code memory
  620 bytes of readonly  data memory
  512 bytes of readwrite data memory

Errors: none
Warnings: none
