###############################################################################
#
# IAR ELF Linker V9.10.1.308/W64 for ARM                  27/Sep/2024  23:43:26
# Copyright 2007-2021 IAR Systems AB.
#
#    Output file  =
#        C:\Users\ahmed\OneDrive\Desktop\Embedded\Updated\lesson6\Debug\Exe\lesson6.out
#    Map file     =
#        C:\Users\ahmed\OneDrive\Desktop\Embedded\Updated\lesson6\Debug\List\lesson6.map
#    Command line =
#        -f
#        C:\Users\ahmed\OneDrive\Desktop\Embedded\Updated\lesson6\Debug\Exe\lesson6.out.rsp
#        (C:\Users\ahmed\OneDrive\Desktop\Embedded\Updated\lesson6\Debug\Obj\main.o
#        --no_out_extension -o
#        C:\Users\ahmed\OneDrive\Desktop\Embedded\Updated\lesson6\Debug\Exe\lesson6.out
#        --redirect _Printf=_PrintfFullNoMb --redirect _Scanf=_ScanfFullNoMb
#        --map
#        C:\Users\ahmed\OneDrive\Desktop\Embedded\Updated\lesson6\Debug\List\lesson6.map
#        --config "C:\Program Files\IAR Systems\Embedded Workbench
#        9.0\arm\config\linker\TexasInstruments\LM4F120H5QR.icf" --semihosting
#        --entry __iar_program_start --vfe --text_out locale)
#
###############################################################################

*******************************************************************************
*** RUNTIME MODEL ATTRIBUTES
***

CppFlavor       = *
__SystemLibrary = DLib
__dlib_version  = 6


*******************************************************************************
*** HEAP SELECTION
***

The basic heap was selected because no calls to memory allocation
functions were found in the application outside of system library
functions, and there are calls to deallocation functions in the
application.


*******************************************************************************
*** PLACEMENT SUMMARY
***

"A0":  place at address 0x0 { ro section .intvec };
"P1":  place in [from 0x0 to 0x3'ffff] { ro };
define block CSTACK with size = 2K, alignment = 8 { };
define block HEAP with size = 8K, alignment = 8 { };
"P2":  place in [from 0x2000'0000 to 0x2000'7fff] {
          rw, block CSTACK, block HEAP };

No sections matched the following patterns:

  rw  in "P2"


  Section   Kind         Address   Size  Object
  -------   ----         -------   ----  ------
"A0":                              0x40
  .intvec   ro code          0x0   0x40  vector_table_M.o [4]
                          - 0x40   0x40

"P1":                             0x110
  .text     ro code         0x40   0x88  main.o [1]
  .text     ro code         0xc8   0x22  fpinit_M.o [3]
  .text     ro code         0xea    0x2  vectortrap_M.o [4]
  .text     ro code         0xec   0x1e  cmain.o [4]
  .text     ro code        0x10a    0x4  low_level_init.o [2]
  .text     ro code        0x10e    0x4  exit.o [2]
  .text     ro code        0x114    0xa  cexit.o [4]
  .text     ro code        0x120   0x14  exit.o [5]
  .text     ro code        0x134   0x1c  cstartup_M.o [4]
                         - 0x150  0x110

"P2":                             0x800
  CSTACK             0x2000'0000  0x800  <Block>
    CSTACK  uninit   0x2000'0000  0x800  <Block tail>
                   - 0x2000'0800  0x800

Unused ranges:

         From           To      Size
         ----           --      ----
        0x150     0x3'ffff  0x3'feb0
  0x2000'0800  0x2000'7fff    0x7800



*******************************************************************************
*** MODULE SUMMARY
***

    Module            ro code  rw data
    ------            -------  -------
command line/config:
    ----------------------------------
    Total:

C:\Users\ahmed\OneDrive\Desktop\Embedded\Updated\lesson6\Debug\Obj: [1]
    main.o                136
    ----------------------------------
    Total:                136

dl7M_tln.a: [2]
    exit.o                  4
    low_level_init.o        4
    ----------------------------------
    Total:                  8

m7M_tls.a: [3]
    fpinit_M.o             34
    ----------------------------------
    Total:                 34

rt7M_tl.a: [4]
    cexit.o                10
    cmain.o                30
    cstartup_M.o           28
    vector_table_M.o       64
    vectortrap_M.o          2
    ----------------------------------
    Total:                134

shb_l.a: [5]
    exit.o                 20
    ----------------------------------
    Total:                 20

    Gaps                    4
    Linker created               2'048
--------------------------------------
    Grand Total:          336    2'048


*******************************************************************************
*** ENTRY LIST
***

Entry                     Address  Size  Type      Object
-----                     -------  ----  ----      ------
?main                        0xed        Code  Gb  cmain.o [4]
BusFault_Handler             0xeb        Code  Wk  vectortrap_M.o [4]
CSTACK$$Base          0x2000'0000         --   Gb  - Linker created -
CSTACK$$Limit         0x2000'0800         --   Gb  - Linker created -
DebugMon_Handler             0xeb        Code  Wk  vectortrap_M.o [4]
HardFault_Handler            0xeb        Code  Wk  vectortrap_M.o [4]
MemManage_Handler            0xeb        Code  Wk  vectortrap_M.o [4]
NMI_Handler                  0xeb        Code  Wk  vectortrap_M.o [4]
PendSV_Handler               0xeb        Code  Wk  vectortrap_M.o [4]
Region$$Table$$Base           0x0         --   Gb  - Linker created -
Region$$Table$$Limit          0x0         --   Gb  - Linker created -
SVC_Handler                  0xeb        Code  Wk  vectortrap_M.o [4]
SysTick_Handler              0xeb        Code  Wk  vectortrap_M.o [4]
UsageFault_Handler           0xeb        Code  Wk  vectortrap_M.o [4]
__cmain                      0xed        Code  Gb  cmain.o [4]
__exit                      0x121  0x14  Code  Gb  exit.o [5]
__iar_init_vfp               0xc9        Code  Gb  fpinit_M.o [3]
__iar_program_start         0x135        Code  Gb  cstartup_M.o [4]
__low_level_init            0x10b   0x4  Code  Gb  low_level_init.o [2]
__vector_table                0x0        Data  Gb  vector_table_M.o [4]
_call_main                   0xf9        Code  Gb  cmain.o [4]
_exit                       0x115        Code  Gb  cexit.o [4]
exit                        0x10f   0x4  Code  Gb  exit.o [2]
main                         0x41  0x88  Code  Gb  main.o [1]


[1] = C:\Users\ahmed\OneDrive\Desktop\Embedded\Updated\lesson6\Debug\Obj
[2] = dl7M_tln.a
[3] = m7M_tls.a
[4] = rt7M_tl.a
[5] = shb_l.a

    336 bytes of readonly  code memory
  2'048 bytes of readwrite data memory

Errors: none
Warnings: none
