###############################################################################
#
# IAR ELF Linker V9.10.1.308/W64 for ARM                  10/Oct/2024  14:27:35
# Copyright 2007-2021 IAR Systems AB.
#
#    Output file  =
#        E:\Ahmed\Teaching\04-Fall-24\CSE211 Introduction to
#        Embedded\2_Hands-on_Projects\Lab_Projects\1_C_Revision\12_C_Project_for_Concepts_Demonstration\Debug\Exe\test.out
#    Map file     =
#        E:\Ahmed\Teaching\04-Fall-24\CSE211 Introduction to
#        Embedded\2_Hands-on_Projects\Lab_Projects\1_C_Revision\12_C_Project_for_Concepts_Demonstration\Debug\List\test.map
#    Command line =
#        -f "E:\Ahmed\Teaching\04-Fall-24\CSE211 Introduction to
#        Embedded\2_Hands-on_Projects\Lab_Projects\1_C_Revision\12_C_Project_for_Concepts_Demonstration\Debug\Exe\test.out.rsp"
#        ("E:\Ahmed\Teaching\04-Fall-24\CSE211 Introduction to
#        Embedded\2_Hands-on_Projects\Lab_Projects\1_C_Revision\12_C_Project_for_Concepts_Demonstration\Debug\Obj\main.o"
#        "E:\Ahmed\Teaching\04-Fall-24\CSE211 Introduction to
#        Embedded\2_Hands-on_Projects\Lab_Projects\1_C_Revision\12_C_Project_for_Concepts_Demonstration\Debug\Obj\utils.o"
#        --no_out_extension -o "E:\Ahmed\Teaching\04-Fall-24\CSE211
#        Introduction to
#        Embedded\2_Hands-on_Projects\Lab_Projects\1_C_Revision\12_C_Project_for_Concepts_Demonstration\Debug\Exe\test.out"
#        --redirect _Printf=_PrintfFullNoMb --redirect _Scanf=_ScanfFullNoMb
#        --map "E:\Ahmed\Teaching\04-Fall-24\CSE211 Introduction to
#        Embedded\2_Hands-on_Projects\Lab_Projects\1_C_Revision\12_C_Project_for_Concepts_Demonstration\Debug\List\test.map"
#        --config "C:\Program Files\IAR Systems\Embedded Workbench
#        9.0\arm\config\linker\TexasInstruments\TM4C123GH6.icf" --semihosting
#        --entry __iar_program_start --vfe --text_out locale)
#
###############################################################################

*******************************************************************************
*** RUNTIME MODEL ATTRIBUTES
***

CppFlavor       = *
__SystemLibrary = DLib
__dlib_version  = 6


*******************************************************************************
*** HEAP SELECTION
***

The basic heap was selected because no calls to memory allocation
functions were found in the application outside of system library
functions, and there are calls to deallocation functions in the
application.


*******************************************************************************
*** PLACEMENT SUMMARY
***

"A0":  place at address 0x0 { ro section .intvec };
"P1":  place in [from 0x0 to 0x3'ffff] { ro };
define block CSTACK with size = 4K, alignment = 8 { };
define block HEAP with size = 8K, alignment = 8 { };
"P2":  place in [from 0x2000'0000 to 0x2000'7fff] {
          rw, block CSTACK, block HEAP };
initialize by copy { rw };

  Section            Kind         Address    Size  Object
  -------            ----         -------    ----  ------
"A0":                                        0x40
  .intvec            ro code          0x0    0x40  vector_table_M.o [4]
                                   - 0x40    0x40

"P1":                                      0x3c2c
  .text              ro code         0x40   0xf16  xprintffull_nomb.o [2]
  .text              ro code        0xf56    0x2a  copy_init3.o [4]
  .text              ro code        0xf80    0x16  strchr.o [4]
  .text              ro code        0xf96     0x2  vectortrap_M.o [4]
  .text              ro code        0xf98    0x40  xfail_s.o [2]
  .text              ro code        0xfd8    0x36  strlen.o [4]
  .text              ro code       0x1010    0x58  memchr.o [4]
  .text              ro code       0x1068    0x76  ABImemcpy_unaligned.o [4]
  .text              ro code       0x10e0    0x70  frexp.o [3]
  .text              ro code       0x1150    0x34  DblCmpLe.o [3]
  .text              ro code       0x1184    0x34  DblCmpGe.o [3]
  .text              ro code       0x11b8   0x13a  ldexp.o [3]
  .text              ro code       0x12f4    0x36  DblToS32.o [3]
  .text              ro code       0x132c    0x22  S32ToDbl.o [3]
  .text              ro code       0x1350   0x25e  DblAddSub.o [3]
  .text              ro code       0x15b0   0x246  DblDiv.o [3]
  .text              ro code       0x17f8    0x22  DblToU32.o [3]
  .text              ro code       0x181c    0x1c  U32ToDbl.o [3]
  .text              ro code       0x1838   0x1aa  DblMul.o [3]
  .text              ro code       0x19e4   0x230  I64DivMod.o [4]
  .text              ro code       0x1c14     0x6  abort.o [2]
  .text              ro code       0x1c1c     0x2  I64DivZer.o [4]
  .text              ro code       0x1c20    0x14  exit.o [5]
  .text              ro code       0x1c34    0x7c  iarttio.o [5]
  .text              ro code       0x1cb0     0x8  XShttio.o [2]
  .text              ro code       0x1cb8   0xd5c  xscanffull_nomb.o [2]
  .text              ro code       0x2a14   0x354  strto64.o [3]
  .text              ro code       0x2d68    0x68  DblToFlt.o [3]
  .text              ro code       0x2dd0   0x1a6  iar_Stoullx.o [2]
  .text              ro code       0x2f78    0xaa  iar_Stollx.o [2]
  .text              ro code       0x3022   0x120  iar_Stopfx.o [2]
  .text              ro code       0x3144   0x1a8  iar_Stoflt.o [2]
  .text              ro code       0x32ec   0x20c  iar_Stoxflt.o [2]
  .text              ro code       0x34f8   0x1d4  main.o [1]
  .text              ro code       0x36cc    0x74  utils.o [1]
  .text              ro code       0x3740    0x28  printf.o [2]
  .text              ro code       0x3768    0x24  scanf.o [2]
  .text              ro code       0x378c    0x48  FltToDbl.o [3]
  .rodata            const         0x37d4    0x50  iar_Stoullx.o [2]
  .rodata            const         0x3824    0x2c  main.o [1]
  .rodata            const         0x3850    0x48  strto64.o [3]
  .text              ro code       0x3898    0x38  getchar.o [2]
  .text              ro code       0x38d0    0x30  read.o [5]
  .rodata            const         0x3900    0x2c  main.o [1]
  .rodata            const         0x392c    0x28  xscanffull_nomb.o [2]
  .text              ro code       0x3954    0x28  data_init.o [4]
  .rodata            const         0x397c    0x24  main.o [1]
  .rodata            const         0x39a0    0x24  xscanffull_nomb.o [2]
  .text              ro code       0x39c4    0x22  fpinit_M.o [3]
  .text              ro code       0x39e6    0x22  iarwrite.o [5]
  .iar.init_table    const         0x3a08    0x14  - Linker created -
  .rodata            const         0x3a1c    0x20  main.o [1]
  .text              ro code       0x3a3c    0x20  putchar.o [2]
  .text              ro code       0x3a5c    0x10  write.o [5]
  .text              ro code       0x3a6c    0x1e  dwrite.o [5]
  .text              ro code       0x3a8a    0x20  iarwstd.o [5]
  .text              ro code       0x3aac    0x1e  cmain.o [4]
  .text              ro code       0x3aca     0x4  low_level_init.o [2]
  .text              ro code       0x3ace     0x4  exit.o [2]
  .text              ro code       0x3ad4     0xa  cexit.o [4]
  .rodata            const         0x3ae0    0x1c  main.o [1]
  .text              ro code       0x3afc    0x1c  cstartup_M.o [4]
  .rodata            const         0x3b18    0x18  main.o [1]
  .rodata            const         0x3b30    0x18  main.o [1]
  .rodata            const         0x3b48    0x18  main.o [1]
  .rodata            const         0x3b60    0x18  main.o [1]
  .rodata            const         0x3b78    0x18  main.o [1]
  .rodata            const         0x3b90    0x18  main.o [1]
  Initializer bytes  const         0x3ba8    0x18  <for P2-1>
  .text              ro code       0x3bc0    0x16  xprout.o [2]
  .rodata            const         0x3bd8    0x14  main.o [1]
  .rodata            const         0x3bec    0x14  utils.o [1]
  .rodata            const         0x3c00    0x14  utils.o [1]
  .rodata            const         0x3c14    0x10  main.o [1]
  .rodata            const         0x3c24    0x10  main.o [1]
  .text              ro code       0x3c34     0xe  xscin.o [2]
  .rodata            const         0x3c44     0xc  main.o [1]
  .rodata            const         0x3c50     0xc  main.o [1]
  .rodata            const         0x3c5c     0x8  main.o [1]
  .rodata            const         0x3c64     0x8  main.o [1]
  .rodata            const         0x3c6c     0x0  copy_init3.o [4]
                                 - 0x3c6c  0x3c2c

"P2", part 1 of 2:                           0x18
  P2-1                        0x2000'0000    0x18  <Init block>
    .data            inited   0x2000'0000     0x4  utils.o [1]
    .data            inited   0x2000'0004     0x4  getchar.o [2]
    .data            inited   0x2000'0008     0x8  XShttio.o [2]
    .bss             inited   0x2000'0010     0x4  utils.o [1]
    .bss             inited   0x2000'0014     0x4  xfail_s.o [2]
                            - 0x2000'0018    0x18

"P2", part 2 of 2:                         0x1000
  CSTACK                      0x2000'0018  0x1000  <Block>
    CSTACK           uninit   0x2000'0018  0x1000  <Block tail>
                            - 0x2000'1018  0x1000

Unused ranges:

         From           To      Size
         ----           --      ----
       0x3c6c     0x3'ffff  0x3'c394
  0x2000'1018  0x2000'7fff    0x6fe8


*******************************************************************************
*** INIT TABLE
***

          Address      Size
          -------      ----
Copy (__iar_copy_init3)
    1 source range, total size 0x18:
               0x3ba8  0x18
    1 destination range, total size 0x18:
          0x2000'0000  0x18



*******************************************************************************
*** MODULE SUMMARY
***

    Module                 ro code  ro data  rw data
    ------                 -------  -------  -------
command line/config:
    ------------------------------------------------
    Total:

E:\Ahmed\Teaching\04-Fall-24\CSE211 Introduction to Embedded\2_Hands-on_Projects\Lab_Projects\1_C_Revision\12_C_Project_for_Concepts_Demonstration\Debug\Obj: [1]
    main.o                     468      420
    utils.o                    116       48        8
    ------------------------------------------------
    Total:                     584      468        8

dl7M_tln.a: [2]
    XShttio.o                    8        8        8
    abort.o                      6
    exit.o                       4
    getchar.o                   56        4        4
    iar_Stoflt.o               424
    iar_Stollx.o               170
    iar_Stopfx.o               288
    iar_Stoullx.o              422       80
    iar_Stoxflt.o              524
    low_level_init.o             4
    printf.o                    40
    putchar.o                   32
    scanf.o                     36
    xfail_s.o                   64        4        4
    xprintffull_nomb.o       3'862
    xprout.o                    22
    xscanffull_nomb.o        3'420       76
    xscin.o                     14
    ------------------------------------------------
    Total:                   9'396      172       16

m7M_tls.a: [3]
    DblAddSub.o                606
    DblCmpGe.o                  52
    DblCmpLe.o                  52
    DblDiv.o                   582
    DblMul.o                   426
    DblToFlt.o                 104
    DblToS32.o                  54
    DblToU32.o                  34
    FltToDbl.o                  72
    S32ToDbl.o                  34
    U32ToDbl.o                  28
    fpinit_M.o                  34
    frexp.o                    112
    ldexp.o                    314
    strto64.o                  852       72
    ------------------------------------------------
    Total:                   3'356       72

rt7M_tl.a: [4]
    ABImemcpy_unaligned.o      118
    I64DivMod.o                560
    I64DivZer.o                  2
    cexit.o                     10
    cmain.o                     30
    copy_init3.o                42
    cstartup_M.o                28
    data_init.o                 40
    memchr.o                    88
    strchr.o                    22
    strlen.o                    54
    vector_table_M.o            64
    vectortrap_M.o               2
    ------------------------------------------------
    Total:                   1'060

shb_l.a: [5]
    dwrite.o                    30
    exit.o                      20
    iarttio.o                  124
    iarwrite.o                  34
    iarwstd.o                   32
    read.o                      48
    write.o                     16
    ------------------------------------------------
    Total:                     304

    Gaps                        30        6
    Linker created                       20    4'096
----------------------------------------------------
    Grand Total:            14'730      738    4'120


*******************************************************************************
*** ENTRY LIST
***

Entry                       Address   Size  Type      Object
-----                       -------   ----  ----      ------
.iar.init_table$$Base        0x3a08          --   Gb  - Linker created -
.iar.init_table$$Limit       0x3a1c          --   Gb  - Linker created -
?main                        0x3aad         Code  Gb  cmain.o [4]
APP_NAME                0x2000'0000    0x4  Data  Gb  utils.o [1]
BusFault_Handler              0xf97         Code  Wk  vectortrap_M.o [4]
CSTACK$$Base            0x2000'0018          --   Gb  - Linker created -
CSTACK$$Limit           0x2000'1018          --   Gb  - Linker created -
DebugMon_Handler              0xf97         Code  Wk  vectortrap_M.o [4]
Dtentox                      0x2a15  0x1d4  Code  Lc  strto64.o [3]
HardFault_Handler             0xf97         Code  Wk  vectortrap_M.o [4]
MemManage_Handler             0xf97         Code  Wk  vectortrap_M.o [4]
NMI_Handler                   0xf97         Code  Wk  vectortrap_M.o [4]
PendSV_Handler                0xf97         Code  Wk  vectortrap_M.o [4]
Region$$Table$$Base          0x3a08          --   Gb  - Linker created -
Region$$Table$$Limit         0x3a1c          --   Gb  - Linker created -
SVC_Handler                   0xf97         Code  Wk  vectortrap_M.o [4]
SysTick_Handler               0xf97         Code  Wk  vectortrap_M.o [4]
UsageFault_Handler            0xf97         Code  Wk  vectortrap_M.o [4]
_Get                         0x1cb9   0x12  Code  Lc  xscanffull_nomb.o [2]
_GetN                        0x1ccb   0x22  Code  Lc  xscanffull_nomb.o [2]
_GetstrFullNoMb              0x27f5  0x1aa  Code  Lc  xscanffull_nomb.o [2]
_LitobFullNoMb                0xd5d  0x10c  Code  Lc  xprintffull_nomb.o [2]
_PrintfFullNoMb                0x41  0xcec  Code  Gb  xprintffull_nomb.o [2]
_Prout                       0x3bc1   0x16  Code  Gb  xprout.o [2]
_PutcharFullNoMb              0xec1   0x20  Code  Lc  xprintffull_nomb.o [2]
_PutcharsFullNoMb             0xee1   0x2e  Code  Lc  xprintffull_nomb.o [2]
_ScanfFullNoMb               0x1d09  0xa94  Code  Gb  xscanffull_nomb.o [2]
_Scin                        0x3c35    0xe  Code  Gb  xscin.o [2]
_UngetChar              0x2000'0004    0x4  Data  Lc  getchar.o [2]
_UngetN                      0x1ced   0x1a  Code  Lc  xscanffull_nomb.o [2]
__aeabi_cdcmple              0x1151         Code  Gb  DblCmpLe.o [3]
__aeabi_cdrcmple             0x1185         Code  Gb  DblCmpGe.o [3]
__aeabi_d2f                  0x2d69         Code  Gb  DblToFlt.o [3]
__aeabi_d2iz                 0x12f5         Code  Gb  DblToS32.o [3]
__aeabi_d2uiz                0x17f9         Code  Gb  DblToU32.o [3]
__aeabi_dadd                 0x1351         Code  Gb  DblAddSub.o [3]
__aeabi_ddiv                 0x15b1         Code  Gb  DblDiv.o [3]
__aeabi_dmul                 0x1839         Code  Gb  DblMul.o [3]
__aeabi_dsub                 0x14cd         Code  Gb  DblAddSub.o [3]
__aeabi_f2d                  0x378d         Code  Gb  FltToDbl.o [3]
__aeabi_i2d                  0x132d         Code  Gb  S32ToDbl.o [3]
__aeabi_ldiv0                0x1c1d         Code  Gb  I64DivZer.o [4]
__aeabi_ui2d                 0x181d         Code  Gb  U32ToDbl.o [3]
__aeabi_uldivmod             0x19e5         Code  Gb  I64DivMod.o [4]
__cmain                      0x3aad         Code  Gb  cmain.o [4]
__dwrite                     0x3a6d   0x1e  Code  Gb  dwrite.o [5]
__exit                       0x1c21   0x14  Code  Gb  exit.o [5]
__iar_Fail_s                  0xf99   0x1c  Code  Gb  xfail_s.o [2]
__iar_Memchr                 0x1011         Code  Gb  memchr.o [4]
__iar_Sto64                  0x2bf1  0x140  Code  Gb  strto64.o [3]
__iar_Stoflt                 0x3145  0x1a8  Code  Gb  iar_Stoflt.o [2]
__iar_Stollx                 0x2f79   0xa4  Code  Gb  iar_Stollx.o [2]
__iar_Stopfx                 0x3023  0x120  Code  Gb  iar_Stopfx.o [2]
__iar_Stoullx                0x2dd1  0x198  Code  Gb  iar_Stoullx.o [2]
__iar_Stoxflt                0x32ed  0x1d6  Code  Gb  iar_Stoxflt.o [2]
__iar_Stoxflt::digits        0x34c8   0x18  Data  Lc  iar_Stoxflt.o [2]
__iar_Stoxflt::vals          0x34e0   0x18  Data  Lc  iar_Stoxflt.o [2]
__iar_Strchr                  0xf81         Code  Gb  strchr.o [4]
__iar_close_ttio             0x1c35   0x2c  Code  Gb  iarttio.o [5]
__iar_copy_init3              0xf57   0x2a  Code  Gb  copy_init3.o [4]
__iar_data_init3             0x3955   0x28  Code  Gb  data_init.o [4]
__iar_frexp                  0x10ed         Code  Gb  frexp.o [3]
__iar_frexpl                 0x10ed         Code  Gb  frexp.o [3]
__iar_get_ttio               0x1c61   0x4c  Code  Gb  iarttio.o [5]
__iar_init_vfp               0x39c5         Code  Gb  fpinit_M.o [3]
__iar_ldexp64                0x11b9         Code  Gb  ldexp.o [3]
__iar_lookup_ttioh           0x1cb1    0x8  Code  Gb  XShttio.o [2]
__iar_program_start          0x3afd         Code  Gb  cstartup_M.o [4]
__iar_scalbln64              0x11b9         Code  Gb  ldexp.o [3]
__iar_scalbn64               0x11b9         Code  Gb  ldexp.o [3]
__iar_sh_stdout              0x3a8b   0x20  Code  Gb  iarwstd.o [5]
__iar_sh_write               0x39e7   0x22  Code  Gb  iarwrite.o [5]
__iar_softfp___iar_frexp64
                             0x10e1         Code  Gb  frexp.o [3]
__iar_softfp_frexp           0x10e1         Code  Gb  frexp.o [3]
__iar_softfp_frexpl          0x10e1         Code  Gb  frexp.o [3]
__iar_ttio_handles      0x2000'0008    0x8  Data  Lc  XShttio.o [2]
__iar_unaligned_memcpy       0x1069         Code  Gb  ABImemcpy_unaligned.o [4]
__iar_unaligned_memcpy4
                             0x1089         Code  Gb  ABImemcpy_unaligned.o [4]
__iar_unaligned_memcpy8
                             0x1089         Code  Gb  ABImemcpy_unaligned.o [4]
__low_level_init             0x3acb    0x4  Code  Gb  low_level_init.o [2]
__read                       0x38d1   0x30  Code  Gb  read.o [5]
__ungetchar                  0x38c7    0x6  Code  Gb  getchar.o [2]
__vector_table                  0x0         Data  Gb  vector_table_M.o [4]
__write                      0x3a5d   0x10  Code  Gb  write.o [5]
_call_main                   0x3ab9         Code  Gb  cmain.o [4]
_exit                        0x3ad5         Code  Gb  cexit.o [4]
abort                        0x1c15    0x6  Code  Gb  abort.o [2]
add                          0x36cd    0xe  Code  Gb  utils.o [1]
calculation_count       0x2000'0010    0x4  Data  Lc  utils.o [1]
digits                       0x37fc   0x28  Data  Lc  iar_Stoullx.o [2]
divide                       0x36f9   0x2a  Code  Gb  utils.o [1]
exit                         0x3acf    0x4  Code  Gb  exit.o [2]
getchar                      0x3899   0x2e  Code  Gb  getchar.o [2]
ldexp                        0x11b9         Code  Gb  ldexp.o [3]
ldexpl                       0x11b9         Code  Gb  ldexp.o [3]
main                         0x34f9  0x156  Code  Gb  main.o [1]
memchr                       0x1011         Code  Gb  memchr.o [4]
multiply                     0x36e9    0xe  Code  Gb  utils.o [1]
ndigs                        0x37d4   0x28  Data  Lc  iar_Stoullx.o [2]
pows                         0x3850   0x48  Data  Lc  strto64.o [3]
print_app_name               0x3723    0xe  Code  Gb  utils.o [1]
printf                       0x3741   0x28  Code  Gb  printf.o [2]
putchar                      0x3a3d   0x20  Code  Gb  putchar.o [2]
ranmatch                     0x27a7   0x4c  Code  Lc  xscanffull_nomb.o [2]
scalbln                      0x11b9         Code  Gb  ldexp.o [3]
scalblnl                     0x11b9         Code  Gb  ldexp.o [3]
scalbn                       0x11b9         Code  Gb  ldexp.o [3]
scalbnl                      0x11b9         Code  Gb  ldexp.o [3]
scale                         0xe69   0x46  Code  Lc  xprintffull_nomb.o [2]
scanf                        0x3769   0x24  Code  Gb  scanf.o [2]
sec_hand                0x2000'0014    0x4  Data  Lc  xfail_s.o [2]
show_menu                    0x364f   0x2e  Code  Gb  main.o [1]
strchr                        0xf81         Code  Gb  strchr.o [4]
strlen                        0xfd9         Code  Gb  strlen.o [4]
strtoll                      0x301d    0x2  Code  Gb  iar_Stollx.o [2]
strtoull                     0x2f71    0x2  Code  Gb  iar_Stoullx.o [2]
subtract                     0x36db    0xe  Code  Gb  utils.o [1]


[1] = E:\Ahmed\Teaching\04-Fall-24\CSE211 Introduction to Embedded\2_Hands-on_Projects\Lab_Projects\1_C_Revision\12_C_Project_for_Concepts_Demonstration\Debug\Obj
[2] = dl7M_tln.a
[3] = m7M_tls.a
[4] = rt7M_tl.a
[5] = shb_l.a

  14'730 bytes of readonly  code memory
     738 bytes of readonly  data memory
   4'120 bytes of readwrite data memory

Errors: none
Warnings: none
