###############################################################################
#
# IAR ELF Linker V9.10.1.308/W64 for ARM                  25/Nov/2024  11:45:37
# Copyright 2007-2021 IAR Systems AB.
#
#    Output file  =
#        D:\Work\TA Work\03-Fall-24\CSE211 Introduction to
#        Embedded\2_Hands-on_Projects\Lab_Projects\5_Systick\4-Systick-GPIO\Debug\Exe\4-Systick-GPIO.out
#    Map file     =
#        D:\Work\TA Work\03-Fall-24\CSE211 Introduction to
#        Embedded\2_Hands-on_Projects\Lab_Projects\5_Systick\4-Systick-GPIO\Debug\List\4-Systick-GPIO.map
#    Command line =
#        -f "D:\Work\TA Work\03-Fall-24\CSE211 Introduction to
#        Embedded\2_Hands-on_Projects\Lab_Projects\5_Systick\4-Systick-GPIO\Debug\Exe\4-Systick-GPIO.out.rsp"
#        ("D:\Work\TA Work\03-Fall-24\CSE211 Introduction to
#        Embedded\2_Hands-on_Projects\Lab_Projects\5_Systick\4-Systick-GPIO\Debug\Obj\DIO.o"
#        "D:\Work\TA Work\03-Fall-24\CSE211 Introduction to
#        Embedded\2_Hands-on_Projects\Lab_Projects\5_Systick\4-Systick-GPIO\Debug\Obj\main.o"
#        "D:\Work\TA Work\03-Fall-24\CSE211 Introduction to
#        Embedded\2_Hands-on_Projects\Lab_Projects\5_Systick\4-Systick-GPIO\Debug\Obj\SysTick.o"
#        --no_out_extension -o "D:\Work\TA Work\03-Fall-24\CSE211 Introduction
#        to
#        Embedded\2_Hands-on_Projects\Lab_Projects\5_Systick\4-Systick-GPIO\Debug\Exe\4-Systick-GPIO.out"
#        --redirect _Printf=_PrintfFullNoMb --redirect _Scanf=_ScanfFullNoMb
#        --map "D:\Work\TA Work\03-Fall-24\CSE211 Introduction to
#        Embedded\2_Hands-on_Projects\Lab_Projects\5_Systick\4-Systick-GPIO\Debug\List\4-Systick-GPIO.map"
#        --config "C:\Program Files\IAR Systems\Embedded Workbench
#        9.0\arm\config\linker\TexasInstruments\TM4C123GH6.icf" --semihosting
#        --entry __iar_program_start --vfe --text_out locale)
#
###############################################################################

*******************************************************************************
*** RUNTIME MODEL ATTRIBUTES
***

CppFlavor       = *
__SystemLibrary = DLib
__dlib_version  = 6


*******************************************************************************
*** HEAP SELECTION
***

The basic heap was selected because no calls to memory allocation
functions were found in the application outside of system library
functions, and there are calls to deallocation functions in the
application.


*******************************************************************************
*** PLACEMENT SUMMARY
***

"A0":  place at address 0x0 { ro section .intvec };
"P1":  place in [from 0x0 to 0x3'ffff] { ro };
define block CSTACK with size = 4K, alignment = 8 { };
define block HEAP with size = 8K, alignment = 8 { };
"P2":  place in [from 0x2000'0000 to 0x2000'7fff] {
          rw, block CSTACK, block HEAP };

No sections matched the following patterns:

  rw  in "P2"


  Section   Kind         Address    Size  Object
  -------   ----         -------    ----  ------
"A0":                               0x40
  .intvec   ro code          0x0    0x40  vector_table_M.o [4]
                          - 0x40    0x40

"P1":                              0x30c
  .text     ro code         0x40   0x1b8  DIO.o [1]
  .text     ro code        0x1f8    0x98  main.o [1]
  .text     ro code        0x290    0x34  SysTick.o [1]
  .text     ro code        0x2c4    0x22  fpinit_M.o [3]
  .text     ro code        0x2e6     0x2  vectortrap_M.o [4]
  .text     ro code        0x2e8    0x1e  cmain.o [4]
  .text     ro code        0x306     0x4  low_level_init.o [2]
  .text     ro code        0x30a     0x4  exit.o [2]
  .text     ro code        0x310     0xa  cexit.o [4]
  .text     ro code        0x31c    0x14  exit.o [5]
  .text     ro code        0x330    0x1c  cstartup_M.o [4]
                         - 0x34c   0x30c

"P2":                             0x1000
  CSTACK             0x2000'0000  0x1000  <Block>
    CSTACK  uninit   0x2000'0000  0x1000  <Block tail>
                   - 0x2000'1000  0x1000

Unused ranges:

         From           To      Size
         ----           --      ----
        0x34c     0x3'ffff  0x3'fcb4
  0x2000'1000  0x2000'7fff    0x7000



*******************************************************************************
*** MODULE SUMMARY
***

    Module            ro code  rw data
    ------            -------  -------
command line/config:
    ----------------------------------
    Total:

D:\Work\TA Work\03-Fall-24\CSE211 Introduction to Embedded\2_Hands-on_Projects\Lab_Projects\5_Systick\4-Systick-GPIO\Debug\Obj: [1]
    DIO.o                 440
    SysTick.o              52
    main.o                152
    ----------------------------------
    Total:                644

dl7M_tln.a: [2]
    exit.o                  4
    low_level_init.o        4
    ----------------------------------
    Total:                  8

m7M_tls.a: [3]
    fpinit_M.o             34
    ----------------------------------
    Total:                 34

rt7M_tl.a: [4]
    cexit.o                10
    cmain.o                30
    cstartup_M.o           28
    vector_table_M.o       64
    vectortrap_M.o          2
    ----------------------------------
    Total:                134

shb_l.a: [5]
    exit.o                 20
    ----------------------------------
    Total:                 20

    Gaps                    4
    Linker created               4'096
--------------------------------------
    Grand Total:          844    4'096


*******************************************************************************
*** ENTRY LIST
***

Entry                     Address  Size  Type      Object
-----                     -------  ----  ----      ------
?main                       0x2e9        Code  Gb  cmain.o [4]
BusFault_Handler            0x2e7        Code  Wk  vectortrap_M.o [4]
CSTACK$$Base          0x2000'0000         --   Gb  - Linker created -
CSTACK$$Limit         0x2000'1000         --   Gb  - Linker created -
DebugMon_Handler            0x2e7        Code  Wk  vectortrap_M.o [4]
HardFault_Handler           0x2e7        Code  Wk  vectortrap_M.o [4]
MemManage_Handler           0x2e7        Code  Wk  vectortrap_M.o [4]
NMI_Handler                 0x2e7        Code  Wk  vectortrap_M.o [4]
PendSV_Handler              0x2e7        Code  Wk  vectortrap_M.o [4]
Region$$Table$$Base           0x0         --   Gb  - Linker created -
Region$$Table$$Limit          0x0         --   Gb  - Linker created -
SVC_Handler                 0x2e7        Code  Wk  vectortrap_M.o [4]
SysTick_Handler             0x2e7        Code  Wk  vectortrap_M.o [4]
SysTick_Init                0x291  0x18  Code  Gb  SysTick.o [1]
SysTick_Is_Time_Out         0x2a9   0xc  Code  Gb  SysTick.o [1]
UsageFault_Handler          0x2e7        Code  Wk  vectortrap_M.o [4]
__cmain                     0x2e9        Code  Gb  cmain.o [4]
__exit                      0x31d  0x14  Code  Gb  exit.o [5]
__iar_init_vfp              0x2c5        Code  Gb  fpinit_M.o [3]
__iar_program_start         0x331        Code  Gb  cstartup_M.o [4]
__low_level_init            0x307   0x4  Code  Gb  low_level_init.o [2]
__vector_table                0x0        Data  Gb  vector_table_M.o [4]
_call_main                  0x2f5        Code  Gb  cmain.o [4]
_exit                       0x311        Code  Gb  cexit.o [4]
ctz                          0x41  0x18  Code  Gb  DIO.o [1]
dio_init                     0x59  0xd8  Code  Gb  DIO.o [1]
dio_writepin                0x131  0xa6  Code  Gb  DIO.o [1]
exit                        0x30b   0x4  Code  Gb  exit.o [2]
main                        0x1f9  0x98  Code  Gb  main.o [1]


[1] = D:\Work\TA Work\03-Fall-24\CSE211 Introduction to Embedded\2_Hands-on_Projects\Lab_Projects\5_Systick\4-Systick-GPIO\Debug\Obj
[2] = dl7M_tln.a
[3] = m7M_tls.a
[4] = rt7M_tl.a
[5] = shb_l.a

    844 bytes of readonly  code memory
  4'096 bytes of readwrite data memory

Errors: none
Warnings: none
