###############################################################################
#
# IAR ELF Linker V9.10.1.308/W64 for ARM                  27/Sep/2024  20:09:28
# Copyright 2007-2021 IAR Systems AB.
#
#    Output file  =
#        C:\Users\ahmed\OneDrive\Desktop\Embedded\Updated\Lesson3 - Lec3 -
#        Switch - Led\Debug\Exe\Lesson3 - Lec3 - Switch - Led.out
#    Map file     =
#        C:\Users\ahmed\OneDrive\Desktop\Embedded\Updated\Lesson3 - Lec3 -
#        Switch - Led\Debug\List\Lesson3 - Lec3 - Switch - Led.map
#    Command line =
#        -f "C:\Users\ahmed\OneDrive\Desktop\Embedded\Updated\Lesson3 - Lec3 -
#        Switch - Led\Debug\Exe\Lesson3 - Lec3 - Switch - Led.out.rsp"
#        ("C:\Users\ahmed\OneDrive\Desktop\Embedded\Updated\Lesson3 - Lec3 -
#        Switch - Led\Debug\Obj\main.o" --no_out_extension -o
#        "C:\Users\ahmed\OneDrive\Desktop\Embedded\Updated\Lesson3 - Lec3 -
#        Switch - Led\Debug\Exe\Lesson3 - Lec3 - Switch - Led.out" --redirect
#        _Printf=_PrintfFullNoMb --redirect _Scanf=_ScanfFullNoMb --map
#        "C:\Users\ahmed\OneDrive\Desktop\Embedded\Updated\Lesson3 - Lec3 -
#        Switch - Led\Debug\List\Lesson3 - Lec3 - Switch - Led.map" --config
#        "C:\Program Files\IAR Systems\Embedded Workbench
#        9.0\arm\config\linker\TexasInstruments\TM4C123GH6.icf" --semihosting
#        --entry __iar_program_start --vfe --text_out locale)
#
###############################################################################

*******************************************************************************
*** RUNTIME MODEL ATTRIBUTES
***

CppFlavor       = *
__SystemLibrary = DLib
__dlib_version  = 6


*******************************************************************************
*** HEAP SELECTION
***

The basic heap was selected because no calls to memory allocation
functions were found in the application outside of system library
functions, and there are calls to deallocation functions in the
application.


*******************************************************************************
*** PLACEMENT SUMMARY
***

"A0":  place at address 0x0 { ro section .intvec };
"P1":  place in [from 0x0 to 0x3'ffff] { ro };
define block CSTACK with size = 4K, alignment = 8 { };
define block HEAP with size = 8K, alignment = 8 { };
"P2":  place in [from 0x2000'0000 to 0x2000'7fff] {
          rw, block CSTACK, block HEAP };
initialize by copy { rw };

  Section            Kind         Address    Size  Object
  -------            ----         -------    ----  ------
"A0":                                        0x40
  .intvec            ro code          0x0    0x40  vector_table_M.o [4]
                                   - 0x40    0x40

"P1":                                       0x230
  .text              ro code         0x40   0x11c  main.o [1]
  .text              ro code        0x15c    0x2a  copy_init3.o [4]
  .text              ro code        0x186     0x2  vectortrap_M.o [4]
  .text              ro code        0x188    0x28  data_init.o [4]
  Initializer bytes  const          0x1b0    0x24  <for P2-1>
  .text              ro code        0x1d4    0x22  fpinit_M.o [3]
  .iar.init_table    const          0x1f8    0x14  - Linker created -
  .text              ro code        0x20c    0x1e  cmain.o [4]
  .text              ro code        0x22a     0x4  low_level_init.o [2]
  .text              ro code        0x22e     0x4  exit.o [2]
  .text              ro code        0x234     0xa  cexit.o [4]
  .text              ro code        0x240    0x14  exit.o [5]
  .text              ro code        0x254    0x1c  cstartup_M.o [4]
  .rodata            const          0x270     0x0  copy_init3.o [4]
                                  - 0x270   0x230

"P2", part 1 of 2:                           0x24
  P2-1                        0x2000'0000    0x24  <Init block>
    .data            inited   0x2000'0000    0x20  main.o [1]
    .bss             inited   0x2000'0020     0x4  main.o [1]
                            - 0x2000'0024    0x24

"P2", part 2 of 2:                         0x1000
  CSTACK                      0x2000'0028  0x1000  <Block>
    CSTACK           uninit   0x2000'0028  0x1000  <Block tail>
                            - 0x2000'1028  0x1000

Unused ranges:

         From           To      Size
         ----           --      ----
        0x270     0x3'ffff  0x3'fd90
  0x2000'0024  0x2000'0027       0x4
  0x2000'1028  0x2000'7fff    0x6fd8


*******************************************************************************
*** INIT TABLE
***

          Address      Size
          -------      ----
Copy (__iar_copy_init3)
    1 source range, total size 0x24:
                0x1b0  0x24
    1 destination range, total size 0x24:
          0x2000'0000  0x24



*******************************************************************************
*** MODULE SUMMARY
***

    Module            ro code  ro data  rw data
    ------            -------  -------  -------
command line/config:
    -------------------------------------------
    Total:

C:\Users\ahmed\OneDrive\Desktop\Embedded\Updated\Lesson3 - Lec3 - Switch - Led\Debug\Obj: [1]
    main.o                284       36       36
    -------------------------------------------
    Total:                284       36       36

dl7M_tln.a: [2]
    exit.o                  4
    low_level_init.o        4
    -------------------------------------------
    Total:                  8

m7M_tls.a: [3]
    fpinit_M.o             34
    -------------------------------------------
    Total:                 34

rt7M_tl.a: [4]
    cexit.o                10
    cmain.o                30
    copy_init3.o           42
    cstartup_M.o           28
    data_init.o            40
    vector_table_M.o       64
    vectortrap_M.o          2
    -------------------------------------------
    Total:                216

shb_l.a: [5]
    exit.o                 20
    -------------------------------------------
    Total:                 20

    Gaps                    4        2
    Linker created                  20    4'096
-----------------------------------------------
    Grand Total:          566       58    4'132


*******************************************************************************
*** ENTRY LIST
***

Entry                       Address  Size  Type      Object
-----                       -------  ----  ----      ------
.iar.init_table$$Base         0x1f8         --   Gb  - Linker created -
.iar.init_table$$Limit        0x20c         --   Gb  - Linker created -
?main                         0x20d        Code  Gb  cmain.o [4]
BusFault_Handler              0x187        Code  Wk  vectortrap_M.o [4]
CSTACK$$Base            0x2000'0028         --   Gb  - Linker created -
CSTACK$$Limit           0x2000'1028         --   Gb  - Linker created -
DebugMon_Handler              0x187        Code  Wk  vectortrap_M.o [4]
HardFault_Handler             0x187        Code  Wk  vectortrap_M.o [4]
MemManage_Handler             0x187        Code  Wk  vectortrap_M.o [4]
NMI_Handler                   0x187        Code  Wk  vectortrap_M.o [4]
PendSV_Handler                0x187        Code  Wk  vectortrap_M.o [4]
Region$$Table$$Base           0x1f8         --   Gb  - Linker created -
Region$$Table$$Limit          0x20c         --   Gb  - Linker created -
SVC_Handler                   0x187        Code  Wk  vectortrap_M.o [4]
SysTick_Handler               0x187        Code  Wk  vectortrap_M.o [4]
UsageFault_Handler            0x187        Code  Wk  vectortrap_M.o [4]
__cmain                       0x20d        Code  Gb  cmain.o [4]
__exit                        0x241  0x14  Code  Gb  exit.o [5]
__iar_copy_init3              0x15d  0x2a  Code  Gb  copy_init3.o [4]
__iar_data_init3              0x189  0x28  Code  Gb  data_init.o [4]
__iar_init_vfp                0x1d5        Code  Gb  fpinit_M.o [3]
__iar_program_start           0x255        Code  Gb  cstartup_M.o [4]
__low_level_init              0x22b   0x4  Code  Gb  low_level_init.o [2]
__vector_table                  0x0        Data  Gb  vector_table_M.o [4]
_call_main                    0x219        Code  Gb  cmain.o [4]
_exit                         0x235        Code  Gb  cexit.o [4]
color                   0x2000'0000  0x20  Data  Gb  main.o [1]
counter                 0x2000'0020   0x4  Data  Gb  main.o [1]
delay                          0x41  0x1e  Code  Gb  main.o [1]
exit                          0x22f   0x4  Code  Gb  exit.o [2]
init_PF1                       0x5f  0x38  Code  Gb  main.o [1]
main                           0x97  0x9e  Code  Gb  main.o [1]


[1] = C:\Users\ahmed\OneDrive\Desktop\Embedded\Updated\Lesson3 - Lec3 - Switch - Led\Debug\Obj
[2] = dl7M_tln.a
[3] = m7M_tls.a
[4] = rt7M_tl.a
[5] = shb_l.a

    566 bytes of readonly  code memory
     58 bytes of readonly  data memory
  4'132 bytes of readwrite data memory

Errors: none
Warnings: none
