###############################################################################
#
# IAR ELF Linker V9.10.1.308/W64 for ARM                  02/Dec/2024  16:09:23
# Copyright 2007-2021 IAR Systems AB.
#
#    Output file  =
#        D:\Work\TA Work\03-Fall-24\CSE211 Introduction to
#        Embedded\2_Hands-on_Projects\Lab_Projects\7_Systick_Interrupt\02-Systick-Interrupt-Relay-Control\Debug\Exe\02-Systick-Interrupt-Relay-Control.out
#    Map file     =
#        D:\Work\TA Work\03-Fall-24\CSE211 Introduction to
#        Embedded\2_Hands-on_Projects\Lab_Projects\7_Systick_Interrupt\02-Systick-Interrupt-Relay-Control\Debug\List\02-Systick-Interrupt-Relay-Control.map
#    Command line =
#        -f "D:\Work\TA Work\03-Fall-24\CSE211 Introduction to
#        Embedded\2_Hands-on_Projects\Lab_Projects\7_Systick_Interrupt\02-Systick-Interrupt-Relay-Control\Debug\Exe\02-Systick-Interrupt-Relay-Control.out.rsp"
#        ("D:\Work\TA Work\03-Fall-24\CSE211 Introduction to
#        Embedded\2_Hands-on_Projects\Lab_Projects\7_Systick_Interrupt\02-Systick-Interrupt-Relay-Control\Debug\Obj\DIO.o"
#        "D:\Work\TA Work\03-Fall-24\CSE211 Introduction to
#        Embedded\2_Hands-on_Projects\Lab_Projects\7_Systick_Interrupt\02-Systick-Interrupt-Relay-Control\Debug\Obj\main.o"
#        "D:\Work\TA Work\03-Fall-24\CSE211 Introduction to
#        Embedded\2_Hands-on_Projects\Lab_Projects\7_Systick_Interrupt\02-Systick-Interrupt-Relay-Control\Debug\Obj\Relay.o"
#        "D:\Work\TA Work\03-Fall-24\CSE211 Introduction to
#        Embedded\2_Hands-on_Projects\Lab_Projects\7_Systick_Interrupt\02-Systick-Interrupt-Relay-Control\Debug\Obj\startup_ewarm.o"
#        "D:\Work\TA Work\03-Fall-24\CSE211 Introduction to
#        Embedded\2_Hands-on_Projects\Lab_Projects\7_Systick_Interrupt\02-Systick-Interrupt-Relay-Control\Debug\Obj\SysTick.o"
#        --no_out_extension -o "D:\Work\TA Work\03-Fall-24\CSE211 Introduction
#        to
#        Embedded\2_Hands-on_Projects\Lab_Projects\7_Systick_Interrupt\02-Systick-Interrupt-Relay-Control\Debug\Exe\02-Systick-Interrupt-Relay-Control.out"
#        --redirect _Printf=_PrintfFullNoMb --redirect _Scanf=_ScanfFullNoMb
#        --map "D:\Work\TA Work\03-Fall-24\CSE211 Introduction to
#        Embedded\2_Hands-on_Projects\Lab_Projects\7_Systick_Interrupt\02-Systick-Interrupt-Relay-Control\Debug\List\02-Systick-Interrupt-Relay-Control.map"
#        --config "C:\Program Files\IAR Systems\Embedded Workbench
#        9.0\arm\config\linker\TexasInstruments\TM4C123GH6.icf" --semihosting
#        --entry __iar_program_start --vfe --text_out locale)
#
###############################################################################

*******************************************************************************
*** RUNTIME MODEL ATTRIBUTES
***

CppFlavor       = *
__SystemLibrary = DLib
__dlib_version  = 6


*******************************************************************************
*** HEAP SELECTION
***

The basic heap was selected because no calls to memory allocation
functions were found in the application outside of system library
functions, and there are calls to deallocation functions in the
application.


*******************************************************************************
*** PLACEMENT SUMMARY
***

"A0":  place at address 0x0 { ro section .intvec };
"P1":  place in [from 0x0 to 0x3'ffff] { ro };
define block CSTACK with size = 4K, alignment = 8 { };
define block HEAP with size = 8K, alignment = 8 { };
"P2":  place in [from 0x2000'0000 to 0x2000'7fff] {
          rw, block CSTACK, block HEAP };
do not initialize { rw section .noinit };

  Section          Kind         Address   Size  Object
  -------          ----         -------   ----  ------
"A0":                                    0x26c
  .intvec          const            0x0  0x26c  startup_ewarm.o [1]
                                - 0x26c  0x26c

"P1":                                    0x3c4
  .text            ro code        0x26c  0x208  DIO.o [1]
  .text            ro code        0x474   0x40  SysTick.o [1]
  .text            ro code        0x4b4   0x3c  Relay.o [1]
  .text            ro code        0x4f0   0x38  zero_init3.o [4]
  .text            ro code        0x528   0x28  main.o [1]
  .text            ro code        0x550   0x28  data_init.o [4]
  .text            ro code        0x578   0x22  fpinit_M.o [3]
  .iar.init_table  const          0x59c   0x10  - Linker created -
  .text            ro code        0x5ac   0x1e  startup_ewarm.o [1]
  .text            ro code        0x5cc   0x1c  cstartup_M.o [4]
  .text            ro code        0x5e8   0x1e  cmain.o [4]
  .text            ro code        0x606    0x4  low_level_init.o [2]
  .text            ro code        0x60a    0x4  exit.o [2]
  .text            ro code        0x610    0xa  cexit.o [4]
  .text            ro code        0x61c   0x14  exit.o [5]
  .rodata          const          0x630    0x0  zero_init3.o [4]
                                - 0x630  0x3c4

"P2", part 1 of 2:                         0x4
  .bss             zero     0x2000'0000    0x4  SysTick.o [1]
                          - 0x2000'0004    0x4

"P2", part 2 of 2:                       0x200
  .noinit          uninit   0x2000'0004  0x200  startup_ewarm.o [1]
                          - 0x2000'0204  0x200

Unused ranges:

         From           To      Size
         ----           --      ----
        0x630     0x3'ffff  0x3'f9d0
  0x2000'0204  0x2000'7fff    0x7dfc


*******************************************************************************
*** INIT TABLE
***

          Address      Size
          -------      ----
Zero (__iar_zero_init3)
    1 destination range, total size 0x4:
          0x2000'0000   0x4



*******************************************************************************
*** MODULE SUMMARY
***

    Module            ro code  ro data  rw data
    ------            -------  -------  -------
command line/config:
    -------------------------------------------
    Total:

D:\Work\TA Work\03-Fall-24\CSE211 Introduction to Embedded\2_Hands-on_Projects\Lab_Projects\7_Systick_Interrupt\02-Systick-Interrupt-Relay-Control\Debug\Obj: [1]
    DIO.o                 520
    Relay.o                60
    SysTick.o              64                 4
    main.o                 40
    startup_ewarm.o        30      620      512
    -------------------------------------------
    Total:                714      620      516

dl7M_tln.a: [2]
    exit.o                  4
    low_level_init.o        4
    -------------------------------------------
    Total:                  8

m7M_tls.a: [3]
    fpinit_M.o             34
    -------------------------------------------
    Total:                 34

rt7M_tl.a: [4]
    cexit.o                10
    cmain.o                30
    cstartup_M.o           28
    data_init.o            40
    zero_init3.o           56
    -------------------------------------------
    Total:                164

shb_l.a: [5]
    exit.o                 20
    -------------------------------------------
    Total:                 20

    Gaps                    6        2
    Linker created                  16
-----------------------------------------------
    Grand Total:          946      638      516


*******************************************************************************
*** ENTRY LIST
***

Entry                       Address   Size  Type      Object
-----                       -------   ----  ----      ------
.iar.init_table$$Base         0x59c          --   Gb  - Linker created -
.iar.init_table$$Limit        0x5ac          --   Gb  - Linker created -
?main                         0x5e9         Code  Gb  cmain.o [4]
FaultISR                      0x5c7    0x2  Code  Lc  startup_ewarm.o [1]
IntDefaultHandler             0x5c9    0x2  Code  Lc  startup_ewarm.o [1]
NmiSR                         0x5c5    0x2  Code  Lc  startup_ewarm.o [1]
Region$$Table$$Base           0x59c          --   Gb  - Linker created -
Region$$Table$$Limit          0x5ac          --   Gb  - Linker created -
Relay_Init                    0x4b5    0xe  Code  Gb  Relay.o [1]
Relay_Toggle                  0x4c3   0x2e  Code  Gb  Relay.o [1]
ResetISR                      0x5ad   0x14  Code  Gb  startup_ewarm.o [1]
SysTick_Callback              0x529    0xc  Code  Gb  main.o [1]
SysTick_Callback        0x2000'0000    0x4  Data  Lc  SysTick.o [1]
SysTick_Handler               0x491   0x12  Code  Gb  SysTick.o [1]
SysTick_InitInterrupt         0x475   0x1c  Code  Gb  SysTick.o [1]
__cmain                       0x5e9         Code  Gb  cmain.o [4]
__exit                        0x61d   0x14  Code  Gb  exit.o [5]
__iar_data_init3              0x551   0x28  Code  Gb  data_init.o [4]
__iar_init_vfp                0x579         Code  Gb  fpinit_M.o [3]
__iar_program_start           0x5cd         Code  Gb  cstartup_M.o [4]
__iar_zero_init3              0x4f1   0x38  Code  Gb  zero_init3.o [4]
__low_level_init              0x607    0x4  Code  Gb  low_level_init.o [2]
__vector_table                  0x0  0x26c  Data  Gb  startup_ewarm.o [1]
_call_main                    0x5f5         Code  Gb  cmain.o [4]
_exit                         0x611         Code  Gb  cexit.o [4]
ctz                           0x26d   0x18  Code  Gb  DIO.o [1]
dio_init                      0x285   0xd8  Code  Gb  DIO.o [1]
dio_readpin                   0x35d   0x52  Code  Gb  DIO.o [1]
dio_writepin                  0x3af   0xa6  Code  Gb  DIO.o [1]
exit                          0x60b    0x4  Code  Gb  exit.o [2]
main                          0x535   0x14  Code  Gb  main.o [1]
pui32Stack              0x2000'0004  0x200  Data  Lc  startup_ewarm.o [1]


[1] = D:\Work\TA Work\03-Fall-24\CSE211 Introduction to Embedded\2_Hands-on_Projects\Lab_Projects\7_Systick_Interrupt\02-Systick-Interrupt-Relay-Control\Debug\Obj
[2] = dl7M_tln.a
[3] = m7M_tls.a
[4] = rt7M_tl.a
[5] = shb_l.a

  946 bytes of readonly  code memory
  638 bytes of readonly  data memory
  516 bytes of readwrite data memory

Errors: none
Warnings: none
