###############################################################################
#
# IAR ELF Linker V9.10.1.308/W64 for ARM                  26/Dec/2024  09:42:51
# Copyright 2007-2021 IAR Systems AB.
#
#    Output file  =
#        D:\Embedded\Introduction to Embedded course fall
#        2024\Project\Final_Project_Application\Application_Code\Debug\Exe\Application_Code.out
#    Map file     =
#        D:\Embedded\Introduction to Embedded course fall
#        2024\Project\Final_Project_Application\Application_Code\Debug\List\Application_Code.map
#    Command line =
#        -f "D:\Embedded\Introduction to Embedded course fall
#        2024\Project\Final_Project_Application\Application_Code\Debug\Exe\Application_Code.out.rsp"
#        ("D:\Embedded\Introduction to Embedded course fall
#        2024\Project\Final_Project_Application\Application_Code\Debug\Obj\Buzzer.o"
#        "D:\Embedded\Introduction to Embedded course fall
#        2024\Project\Final_Project_Application\Application_Code\Debug\Obj\Limit_Switch.o"
#        "D:\Embedded\Introduction to Embedded course fall
#        2024\Project\Final_Project_Application\Application_Code\Debug\Obj\main.o"
#        "D:\Embedded\Introduction to Embedded course fall
#        2024\Project\Final_Project_Application\Application_Code\Debug\Obj\Relay.o"
#        "D:\Embedded\Introduction to Embedded course fall
#        2024\Project\Final_Project_Application\Application_Code\Debug\Obj\Temp_Sensor.o"
#        "D:\Embedded\Introduction to Embedded course fall
#        2024\Project\Final_Project_Application\Application_Code\Debug\Obj\UART.o"
#        --no_out_extension -o "D:\Embedded\Introduction to Embedded course
#        fall
#        2024\Project\Final_Project_Application\Application_Code\Debug\Exe\Application_Code.out"
#        --redirect _Printf=_PrintfFullNoMb --redirect _Scanf=_ScanfFullNoMb
#        --map "D:\Embedded\Introduction to Embedded course fall
#        2024\Project\Final_Project_Application\Application_Code\Debug\List\Application_Code.map"
#        --config "C:\Program Files\IAR Systems\Embedded Workbench
#        9.0\arm\CONFIG\generic_cortex.icf" --semihosting
#        C:\ti\TivaWare_C_Series-2.2.0.295\driverlib\ewarm\Exe\driverlib.a
#        --entry __iar_program_start --vfe --text_out locale)
#
###############################################################################

*******************************************************************************
*** MESSAGES
***

Warning[Lt009]: Inconsistent wchar_t size
            gpio.o(driverlib.a) and 4 other objects in driverlib.a have wchar_t
                      size 16 bits
            Buzzer.o and 22 other objects, some of them in dl7M_tln.a and 11
                      other libraries have wchar_t size 32 bits


*******************************************************************************
*** RUNTIME MODEL ATTRIBUTES
***

CppFlavor       = *
__SystemLibrary = DLib
__dlib_version  = 6


*******************************************************************************
*** HEAP SELECTION
***

The basic heap was selected because no calls to memory allocation
functions were found in the application outside of system library
functions, and there are calls to deallocation functions in the
application.


*******************************************************************************
*** PLACEMENT SUMMARY
***

"A0":  place at address 0x0 { ro section .intvec };
"P1":  place in [from 0x0 to 0x7'ffff] { ro };
define block CSTACK with size = 1K, alignment = 8 { };
define block PROC_STACK with size = 0, alignment = 8 { };
define block HEAP with size = 2K, alignment = 8 { };
"P2":  place in [from 0x2000'0000 to 0x2000'ffff] {
          rw, block CSTACK, block PROC_STACK, block HEAP };

  Section          Kind         Address    Size  Object
  -------          ----         -------    ----  ------
"A0":                                      0x40
  .intvec          ro code          0x0    0x40  vector_table_M.o [5]
                                 - 0x40    0x40

"P1":                                    0x238c
  .text            ro code         0x40   0xf16  xprintffull_nomb.o [2]
  .text            ro code        0xf56     0xa  xsprout.o [2]
  .text            ro code        0xf60    0x16  strchr.o [5]
  .text            ro code        0xf76     0x2  vectortrap_M.o [5]
  .text            ro code        0xf78    0x40  xfail_s.o [2]
  .text            ro code        0xfb8    0x36  strlen.o [5]
  .text            ro code        0xff0    0x58  memchr.o [5]
  .text            ro code       0x1048    0x76  ABImemcpy_unaligned.o [5]
  .text            ro code       0x10c0    0x70  frexp.o [4]
  .text            ro code       0x1130    0x34  DblCmpLe.o [4]
  .text            ro code       0x1164    0x34  DblCmpGe.o [4]
  .text            ro code       0x1198   0x13a  ldexp.o [4]
  .text            ro code       0x12d4    0x36  DblToS32.o [4]
  .text            ro code       0x130c    0x22  S32ToDbl.o [4]
  .text            ro code       0x1330   0x24e  DblAddSub.o [4]
  .text            ro code       0x1580   0x246  DblDiv.o [4]
  .text            ro code       0x17c8    0x22  DblToU32.o [4]
  .text            ro code       0x17ec    0x1c  U32ToDbl.o [4]
  .text            ro code       0x1808   0x1aa  DblMul.o [4]
  .text            ro code       0x19b4   0x230  I64DivMod.o [5]
  .text            ro code       0x1be4     0x6  abort.o [2]
  .text            ro code       0x1bec     0x2  I64DivZer.o [5]
  .text            ro code       0x1bf0    0x14  exit.o [6]
  .text            ro code       0x1c04   0x1f0  gpio.o [3]
  .text            ro code       0x1df4   0x126  adc.o [3]
  .text            ro code       0x1f1c    0xf4  main.o [1]
  .text            ro code       0x2010    0xac  Temp_Sensor.o [1]
  .text            ro code       0x20bc    0x28  Limit_Switch.o [1]
  .text            ro code       0x20e4    0x40  Buzzer.o [1]
  .text            ro code       0x2124    0x88  Relay.o [1]
  .text            ro code       0x21ac    0xb4  UART.o [1]
  .text            ro code       0x2260    0x40  sprintf.o [2]
  .text            ro code       0x22a0    0x20  sysctl.o [3]
  .text            ro code       0x22c0    0x38  zero_init3.o [5]
  .text            ro code       0x22f8    0x28  data_init.o [5]
  .text            ro code       0x2320    0x22  fpinit_M.o [4]
  .iar.init_table  const         0x2344    0x10  - Linker created -
  .text            ro code       0x2354    0x1e  cmain.o [5]
  .text            ro code       0x2372     0x4  low_level_init.o [2]
  .text            ro code       0x2376     0x4  exit.o [2]
  .text            ro code       0x237c     0xa  cexit.o [5]
  .text            ro code       0x2388    0x1c  cstartup_M.o [5]
  .rodata          const         0x23a4    0x10  main.o [1]
  .rodata          const         0x23b4     0xc  main.o [1]
  .rodata          const         0x23c0     0xc  main.o [1]
  .rodata          const         0x23cc     0x0  zero_init3.o [5]
                               - 0x23cc  0x238c

"P2", part 1 of 2:                         0x40
  .bss             zero     0x2000'0000    0x34  main.o [1]
  .bss             zero     0x2000'0034     0x4  main.o [1]
  .bss             zero     0x2000'0038     0x4  xfail_s.o [2]
  .bss             zero     0x2000'003c     0x1  main.o [1]
  .bss             zero     0x2000'003d     0x1  main.o [1]
                          - 0x2000'003e    0x3e

"P2", part 2 of 2:                        0x400
  CSTACK                    0x2000'0040   0x400  <Block>
    CSTACK         uninit   0x2000'0040   0x400  <Block tail>
                          - 0x2000'0440   0x400

Unused ranges:

         From           To      Size
         ----           --      ----
       0x23cc     0x7'ffff  0x7'dc34
  0x2000'0440  0x2000'ffff    0xfbc0


*******************************************************************************
*** INIT TABLE
***

          Address      Size
          -------      ----
Zero (__iar_zero_init3)
    1 destination range, total size 0x3e:
          0x2000'0000  0x3e



*******************************************************************************
*** MODULE SUMMARY
***

    Module                 ro code  ro data  rw data
    ------                 -------  -------  -------
command line/config:
    ------------------------------------------------
    Total:

D:\Embedded\Introduction to Embedded course fall 2024\Project\Final_Project_Application\Application_Code\Debug\Obj: [1]
    Buzzer.o                    64
    Limit_Switch.o              40
    Relay.o                    136
    Temp_Sensor.o              172
    UART.o                     180
    main.o                     244       40       58
    ------------------------------------------------
    Total:                     836       40       58

dl7M_tln.a: [2]
    abort.o                      6
    exit.o                       4
    low_level_init.o             4
    sprintf.o                   64
    xfail_s.o                   64                 4
    xprintffull_nomb.o       3'862
    xsprout.o                   10
    ------------------------------------------------
    Total:                   4'014                 4

driverlib.a: [3]
    adc.o                      294
    gpio.o                     496
    sysctl.o                    32
    ------------------------------------------------
    Total:                     822

m7M_tls.a: [4]
    DblAddSub.o                590
    DblCmpGe.o                  52
    DblCmpLe.o                  52
    DblDiv.o                   582
    DblMul.o                   426
    DblToS32.o                  54
    DblToU32.o                  34
    S32ToDbl.o                  34
    U32ToDbl.o                  28
    fpinit_M.o                  34
    frexp.o                    112
    ldexp.o                    314
    ------------------------------------------------
    Total:                   2'312

rt7M_tl.a: [5]
    ABImemcpy_unaligned.o      118
    I64DivMod.o                560
    I64DivZer.o                  2
    cexit.o                     10
    cmain.o                     30
    cstartup_M.o                28
    data_init.o                 40
    memchr.o                    88
    strchr.o                    22
    strlen.o                    54
    vector_table_M.o            64
    vectortrap_M.o               2
    zero_init3.o                56
    ------------------------------------------------
    Total:                   1'074

shb_l.a: [6]
    exit.o                      20
    ------------------------------------------------
    Total:                      20

    Gaps                        28        2
    Linker created                       16    1'024
----------------------------------------------------
    Grand Total:             9'106       58    1'086


*******************************************************************************
*** ENTRY LIST
***

Entry                       Address   Size  Type      Object
-----                       -------   ----  ----      ------
.iar.init_table$$Base        0x2344          --   Gb  - Linker created -
.iar.init_table$$Limit       0x2354          --   Gb  - Linker created -
?main                        0x2355         Code  Gb  cmain.o [5]
ADCClockConfigSet            0x1f03   0x18  Code  Gb  adc.o [3]
ADCProcessorTrigger          0x1ee7   0x1c  Code  Gb  adc.o [3]
ADCSequenceConfigure         0x1df5   0x52  Code  Gb  adc.o [3]
ADCSequenceDataGet           0x1ec9   0x1e  Code  Gb  adc.o [3]
ADCSequenceStepConfigure
                             0x1e47   0x76  Code  Gb  adc.o [3]
BusFault_Handler              0xf77         Code  Wk  vectortrap_M.o [5]
Buzzer_init                  0x20e5   0x1c  Code  Gb  Buzzer.o [1]
Buzzer_off                   0x210f    0xe  Code  Gb  Buzzer.o [1]
Buzzer_on                    0x2101    0xe  Code  Gb  Buzzer.o [1]
CSTACK$$Base            0x2000'0040          --   Gb  - Linker created -
CSTACK$$Limit           0x2000'0440          --   Gb  - Linker created -
DebugMon_Handler              0xf77         Code  Wk  vectortrap_M.o [5]
GPIODirModeSet               0x1c05   0x28  Code  Gb  gpio.o [3]
GPIOPadConfigSet             0x1c2d  0x174  Code  Gb  gpio.o [3]
GPIOPinRead                  0x1da1    0x6  Code  Gb  gpio.o [3]
GPIOPinTypeGPIOInput         0x1db1   0x14  Code  Gb  gpio.o [3]
GPIOPinTypeGPIOOutput        0x1dc5    0xa  Code  Gb  gpio.o [3]
GPIOPinWrite                 0x1da7    0x6  Code  Gb  gpio.o [3]
HardFault_Handler             0xf77         Code  Wk  vectortrap_M.o [5]
LimitSwitch_get_status       0x20cf    0xc  Code  Gb  Limit_Switch.o [1]
LimitSwitch_init             0x20bd   0x12  Code  Gb  Limit_Switch.o [1]
MemManage_Handler             0xf77         Code  Wk  vectortrap_M.o [5]
NMI_Handler                   0xf77         Code  Wk  vectortrap_M.o [5]
PendSV_Handler                0xf77         Code  Wk  vectortrap_M.o [5]
Region$$Table$$Base          0x2344          --   Gb  - Linker created -
Region$$Table$$Limit         0x2354          --   Gb  - Linker created -
Relay_init                   0x2125   0x2e  Code  Gb  Relay.o [1]
Relay_off                    0x217b   0x28  Code  Gb  Relay.o [1]
Relay_on                     0x2153   0x28  Code  Gb  Relay.o [1]
SVC_Handler                   0xf77         Code  Wk  vectortrap_M.o [5]
SysCtlPeripheralEnable       0x22a1    0x8  Code  Gb  sysctl.o [3]
SysTick_Handler               0xf77         Code  Wk  vectortrap_M.o [5]
TempSensor_get_value         0x2061   0x3a  Code  Gb  Temp_Sensor.o [1]
TempSensor_init              0x2011   0x50  Code  Gb  Temp_Sensor.o [1]
UART0_Init                   0x21ad   0x6e  Code  Gb  UART.o [1]
UART0_SendString             0x221b   0x1a  Code  Gb  UART.o [1]
UsageFault_Handler            0xf77         Code  Wk  vectortrap_M.o [5]
_LitobFullNoMb                0xd5d  0x10c  Code  Lc  xprintffull_nomb.o [2]
_PrintfFullNoMb                0x41  0xcec  Code  Gb  xprintffull_nomb.o [2]
_PutcharFullNoMb              0xec1   0x20  Code  Lc  xprintffull_nomb.o [2]
_PutcharsFullNoMb             0xee1   0x2e  Code  Lc  xprintffull_nomb.o [2]
_SProut                       0xf57    0xa  Code  Gb  xsprout.o [2]
__aeabi_cdcmple              0x1131         Code  Gb  DblCmpLe.o [4]
__aeabi_cdrcmple             0x1165         Code  Gb  DblCmpGe.o [4]
__aeabi_d2iz                 0x12d5         Code  Gb  DblToS32.o [4]
__aeabi_d2uiz                0x17c9         Code  Gb  DblToU32.o [4]
__aeabi_ddiv                 0x1581         Code  Gb  DblDiv.o [4]
__aeabi_dmul                 0x1809         Code  Gb  DblMul.o [4]
__aeabi_dsub                 0x149d         Code  Gb  DblAddSub.o [4]
__aeabi_i2d                  0x130d         Code  Gb  S32ToDbl.o [4]
__aeabi_ldiv0                0x1bed         Code  Gb  I64DivZer.o [5]
__aeabi_ui2d                 0x17ed         Code  Gb  U32ToDbl.o [4]
__aeabi_uldivmod             0x19b5         Code  Gb  I64DivMod.o [5]
__cmain                      0x2355         Code  Gb  cmain.o [5]
__exit                       0x1bf1   0x14  Code  Gb  exit.o [6]
__iar_Fail_s                  0xf79   0x1c  Code  Gb  xfail_s.o [2]
__iar_Memchr                  0xff1         Code  Gb  memchr.o [5]
__iar_Strchr                  0xf61         Code  Gb  strchr.o [5]
__iar_data_init3             0x22f9   0x28  Code  Gb  data_init.o [5]
__iar_frexp                  0x10cd         Code  Gb  frexp.o [4]
__iar_frexpl                 0x10cd         Code  Gb  frexp.o [4]
__iar_init_vfp               0x2321         Code  Gb  fpinit_M.o [4]
__iar_ldexp64                0x1199         Code  Gb  ldexp.o [4]
__iar_program_start          0x2389         Code  Gb  cstartup_M.o [5]
__iar_scalbln64              0x1199         Code  Gb  ldexp.o [4]
__iar_scalbn64               0x1199         Code  Gb  ldexp.o [4]
__iar_softfp___iar_frexp64
                             0x10c1         Code  Gb  frexp.o [4]
__iar_softfp_frexp           0x10c1         Code  Gb  frexp.o [4]
__iar_softfp_frexpl          0x10c1         Code  Gb  frexp.o [4]
__iar_unaligned_memcpy       0x1049         Code  Gb  ABImemcpy_unaligned.o [5]
__iar_unaligned_memcpy4
                             0x1069         Code  Gb  ABImemcpy_unaligned.o [5]
__iar_unaligned_memcpy8
                             0x1069         Code  Gb  ABImemcpy_unaligned.o [5]
__iar_zero_init3             0x22c1   0x38  Code  Gb  zero_init3.o [5]
__low_level_init             0x2373    0x4  Code  Gb  low_level_init.o [2]
__vector_table                  0x0         Data  Gb  vector_table_M.o [5]
_call_main                   0x2361         Code  Gb  cmain.o [5]
_exit                        0x237d         Code  Gb  cexit.o [5]
abort                        0x1be5    0x6  Code  Gb  abort.o [2]
buffer                  0x2000'0000   0x34  Data  Gb  main.o [1]
current_temp            0x2000'0034    0x4  Data  Gb  main.o [1]
exit                         0x2377    0x4  Code  Gb  exit.o [2]
lamp_state              0x2000'003c    0x1  Data  Gb  main.o [1]
ldexp                        0x1199         Code  Gb  ldexp.o [4]
ldexpl                       0x1199         Code  Gb  ldexp.o [4]
main                         0x1f1d   0xf4  Code  Gb  main.o [1]
memchr                        0xff1         Code  Gb  memchr.o [5]
plug_state              0x2000'003d    0x1  Data  Gb  main.o [1]
scalbln                      0x1199         Code  Gb  ldexp.o [4]
scalblnl                     0x1199         Code  Gb  ldexp.o [4]
scalbn                       0x1199         Code  Gb  ldexp.o [4]
scalbnl                      0x1199         Code  Gb  ldexp.o [4]
scale                         0xe69   0x46  Code  Lc  xprintffull_nomb.o [2]
sec_hand                0x2000'0038    0x4  Data  Lc  xfail_s.o [2]
sprintf                      0x2261   0x40  Code  Gb  sprintf.o [2]
strchr                        0xf61         Code  Gb  strchr.o [5]
strlen                        0xfb9         Code  Gb  strlen.o [5]


[1] = D:\Embedded\Introduction to Embedded course fall 2024\Project\Final_Project_Application\Application_Code\Debug\Obj
[2] = dl7M_tln.a
[3] = driverlib.a
[4] = m7M_tls.a
[5] = rt7M_tl.a
[6] = shb_l.a

  9'106 bytes of readonly  code memory
     58 bytes of readonly  data memory
  1'086 bytes of readwrite data memory

Errors: none
Warnings: 1
