###############################################################################
#
# IAR ELF Linker V9.10.1.308/W64 for ARM                  26/Nov/2024  15:46:02
# Copyright 2007-2021 IAR Systems AB.
#
#    Output file  =
#        C:\Users\ahmed\Desktop\IAR-Projects-Second-Half\lec 8 - Step 2 -
#        systick - Blinky - TivaWare\Debug\Exe\lec8 - Step2 - systick - Blinky
#        - TivaWare.out
#    Map file     =
#        C:\Users\ahmed\Desktop\IAR-Projects-Second-Half\lec 8 - Step 2 -
#        systick - Blinky - TivaWare\Debug\List\lec8 - Step2 - systick - Blinky
#        - TivaWare.map
#    Command line =
#        -f "C:\Users\ahmed\Desktop\IAR-Projects-Second-Half\lec 8 - Step 2 -
#        systick - Blinky - TivaWare\Debug\Exe\lec8 - Step2 - systick - Blinky
#        - TivaWare.out.rsp"
#        ("C:\Users\ahmed\Desktop\IAR-Projects-Second-Half\lec 8 - Step 2 -
#        systick - Blinky - TivaWare\Debug\Obj\main.o" --no_out_extension -o
#        "C:\Users\ahmed\Desktop\IAR-Projects-Second-Half\lec 8 - Step 2 -
#        systick - Blinky - TivaWare\Debug\Exe\lec8 - Step2 - systick - Blinky
#        - TivaWare.out" --redirect _Printf=_PrintfFullNoMb --redirect
#        _Scanf=_ScanfFullNoMb --map
#        "C:\Users\ahmed\Desktop\IAR-Projects-Second-Half\lec 8 - Step 2 -
#        systick - Blinky - TivaWare\Debug\List\lec8 - Step2 - systick - Blinky
#        - TivaWare.map" --config "C:\Program Files\IAR Systems\Embedded
#        Workbench 9.0\arm\config\linker\TexasInstruments\TM4C123GH6.icf"
#        --semihosting
#        C:\ti\TivaWare_C_Series-2.2.0.295\driverlib\ewarm\Exe\driverlib.a
#        --entry __iar_program_start --vfe --text_out locale)
#
###############################################################################

*******************************************************************************
*** MESSAGES
***

Warning[Lt009]: Inconsistent wchar_t size
            gpio.o(driverlib.a) and 4 other objects in driverlib.a have wchar_t
                      size 16 bits
            main.o and 13 other objects, some of them in dl7M_tln.a and 11
                      other libraries have wchar_t size 32 bits


*******************************************************************************
*** RUNTIME MODEL ATTRIBUTES
***

CppFlavor       = *
__SystemLibrary = DLib
__dlib_version  = 6


*******************************************************************************
*** HEAP SELECTION
***

The basic heap was selected because no calls to memory allocation
functions were found in the application outside of system library
functions, and there are calls to deallocation functions in the
application.


*******************************************************************************
*** PLACEMENT SUMMARY
***

"A0":  place at address 0x0 { ro section .intvec };
"P1":  place in [from 0x0 to 0x3'ffff] { ro };
define block CSTACK with size = 4K, alignment = 8 { };
define block HEAP with size = 8K, alignment = 8 { };
"P2":  place in [from 0x2000'0000 to 0x2000'7fff] {
          rw, block CSTACK, block HEAP };

No sections matched the following patterns:

  rw  in "P2"


  Section   Kind         Address    Size  Object
  -------   ----         -------    ----  ------
"A0":                               0x40
  .intvec   ro code          0x0    0x40  vector_table_M.o [5]
                          - 0x40    0x40

"P1":                              0x31c
  .text     ro code         0x40   0x1cc  gpio.o [3]
  .text     ro code        0x20c    0x5c  main.o [1]
  .text     ro code        0x268    0x44  sysctl.o [3]
  .text     ro code        0x2ac    0x28  systick.o [3]
  .text     ro code        0x2d4    0x22  fpinit_M.o [4]
  .text     ro code        0x2f6     0x2  vectortrap_M.o [5]
  .text     ro code        0x2f8    0x1e  cmain.o [5]
  .text     ro code        0x316     0x4  low_level_init.o [2]
  .text     ro code        0x31a     0x4  exit.o [2]
  .text     ro code        0x320     0xa  cexit.o [5]
  .text     ro code        0x32c    0x14  exit.o [6]
  .text     ro code        0x340    0x1c  cstartup_M.o [5]
                         - 0x35c   0x31c

"P2":                             0x1000
  CSTACK             0x2000'0000  0x1000  <Block>
    CSTACK  uninit   0x2000'0000  0x1000  <Block tail>
                   - 0x2000'1000  0x1000

Unused ranges:

         From           To      Size
         ----           --      ----
        0x35c     0x3'ffff  0x3'fca4
  0x2000'1000  0x2000'7fff    0x7000



*******************************************************************************
*** MODULE SUMMARY
***

    Module            ro code  rw data
    ------            -------  -------
command line/config:
    ----------------------------------
    Total:

C:\Users\ahmed\Desktop\IAR-Projects-Second-Half\lec 8 - Step 2 - systick - Blinky - TivaWare\Debug\Obj: [1]
    main.o                 92
    ----------------------------------
    Total:                 92

dl7M_tln.a: [2]
    exit.o                  4
    low_level_init.o        4
    ----------------------------------
    Total:                  8

driverlib.a: [3]
    gpio.o                460
    sysctl.o               68
    systick.o              40
    ----------------------------------
    Total:                568

m7M_tls.a: [4]
    fpinit_M.o             34
    ----------------------------------
    Total:                 34

rt7M_tl.a: [5]
    cexit.o                10
    cmain.o                30
    cstartup_M.o           28
    vector_table_M.o       64
    vectortrap_M.o          2
    ----------------------------------
    Total:                134

shb_l.a: [6]
    exit.o                 20
    ----------------------------------
    Total:                 20

    Gaps                    4
    Linker created               4'096
--------------------------------------
    Grand Total:          860    4'096


*******************************************************************************
*** ENTRY LIST
***

Entry                       Address   Size  Type      Object
-----                       -------   ----  ----      ------
?main                         0x2f9         Code  Gb  cmain.o [5]
BusFault_Handler              0x2f7         Code  Wk  vectortrap_M.o [5]
CSTACK$$Base            0x2000'0000          --   Gb  - Linker created -
CSTACK$$Limit           0x2000'1000          --   Gb  - Linker created -
DebugMon_Handler              0x2f7         Code  Wk  vectortrap_M.o [5]
GPIODirModeSet                 0x41   0x28  Code  Gb  gpio.o [3]
GPIOPadConfigSet               0x69  0x174  Code  Gb  gpio.o [3]
GPIOPinTypeGPIOOutput         0x1e3    0xa  Code  Gb  gpio.o [3]
GPIOPinWrite                  0x1dd    0x6  Code  Gb  gpio.o [3]
HardFault_Handler             0x2f7         Code  Wk  vectortrap_M.o [5]
MemManage_Handler             0x2f7         Code  Wk  vectortrap_M.o [5]
NMI_Handler                   0x2f7         Code  Wk  vectortrap_M.o [5]
PendSV_Handler                0x2f7         Code  Wk  vectortrap_M.o [5]
Region$$Table$$Base             0x0          --   Gb  - Linker created -
Region$$Table$$Limit            0x0          --   Gb  - Linker created -
SVC_Handler                   0x2f7         Code  Wk  vectortrap_M.o [5]
SysCtlPeripheralEnable        0x289    0x8  Code  Gb  sysctl.o [3]
SysCtlPeripheralReady         0x269    0x8  Code  Gb  sysctl.o [3]
SysTickEnable                 0x2ad    0xc  Code  Gb  systick.o [3]
SysTickPeriodSet              0x2b9    0x8  Code  Gb  systick.o [3]
SysTickValueGet               0x2c1    0x6  Code  Gb  systick.o [3]
SysTick_Handler               0x2f7         Code  Wk  vectortrap_M.o [5]
UsageFault_Handler            0x2f7         Code  Wk  vectortrap_M.o [5]
__cmain                       0x2f9         Code  Gb  cmain.o [5]
__exit                        0x32d   0x14  Code  Gb  exit.o [6]
__iar_init_vfp                0x2d5         Code  Gb  fpinit_M.o [4]
__iar_program_start           0x341         Code  Gb  cstartup_M.o [5]
__low_level_init              0x317    0x4  Code  Gb  low_level_init.o [2]
__vector_table                  0x0         Data  Gb  vector_table_M.o [5]
_call_main                    0x305         Code  Gb  cmain.o [5]
_exit                         0x321         Code  Gb  cexit.o [5]
exit                          0x31b    0x4  Code  Gb  exit.o [2]
main                          0x20d   0x5c  Code  Gb  main.o [1]


[1] = C:\Users\ahmed\Desktop\IAR-Projects-Second-Half\lec 8 - Step 2 - systick - Blinky - TivaWare\Debug\Obj
[2] = dl7M_tln.a
[3] = driverlib.a
[4] = m7M_tls.a
[5] = rt7M_tl.a
[6] = shb_l.a

    860 bytes of readonly  code memory
  4'096 bytes of readwrite data memory

Errors: none
Warnings: 1
