###############################################################################
#
# IAR ELF Linker V9.10.1.308/W64 for ARM                  01/Oct/2024  14:21:20
# Copyright 2007-2021 IAR Systems AB.
#
#    Output file  =
#        C:\Users\ahmed\OneDrive\Desktop\Embedded\IAR-Projects-First-Half\lesson18\Debug\Exe\lesson_18.out
#    Map file     =
#        C:\Users\ahmed\OneDrive\Desktop\Embedded\IAR-Projects-First-Half\lesson18\Debug\List\lesson_18.map
#    Command line =
#        -f
#        C:\Users\ahmed\OneDrive\Desktop\Embedded\IAR-Projects-First-Half\lesson18\Debug\Exe\lesson_18.out.rsp
#        (C:\Users\ahmed\OneDrive\Desktop\Embedded\IAR-Projects-First-Half\lesson18\Debug\Obj\bsp.o
#        C:\Users\ahmed\OneDrive\Desktop\Embedded\IAR-Projects-First-Half\lesson18\Debug\Obj\main.o
#        C:\Users\ahmed\OneDrive\Desktop\Embedded\IAR-Projects-First-Half\lesson18\Debug\Obj\startup_tm4c.o
#        --no_out_extension -o
#        C:\Users\ahmed\OneDrive\Desktop\Embedded\IAR-Projects-First-Half\lesson18\Debug\Exe\lesson_18.out
#        --redirect _Printf=_PrintfFullNoMb --redirect _Scanf=_ScanfFullNoMb
#        --map
#        C:\Users\ahmed\OneDrive\Desktop\Embedded\IAR-Projects-First-Half\lesson18\Debug\List\lesson_18.map
#        --config "C:\Program Files\IAR Systems\Embedded Workbench
#        9.0\arm\config\linker\TexasInstruments\TM4C123GH6.icf" --semihosting
#        C:\ti\TivaWare_C_Series-2.2.0.295\driverlib\ewarm\Exe\driverlib.a
#        --entry __iar_program_start --vfe --text_out locale)
#
###############################################################################

*******************************************************************************
*** RUNTIME MODEL ATTRIBUTES
***

CppFlavor       = *
__SystemLibrary = DLib
__dlib_version  = 6


*******************************************************************************
*** HEAP SELECTION
***

The basic heap was selected because no calls to memory allocation
functions were found in the application outside of system library
functions, and there are calls to deallocation functions in the
application.


*******************************************************************************
*** PLACEMENT SUMMARY
***

"A0":  place at address 0x0 { ro section .intvec };
"P1":  place in [from 0x0 to 0x3'ffff] { ro };
define block CSTACK with size = 4K, alignment = 8 { };
define block HEAP with size = 8K, alignment = 8 { };
"P2":  place in [from 0x2000'0000 to 0x2000'7fff] {
          rw, block CSTACK, block HEAP };

No sections matched the following patterns:

  rw  in "P2"


  Section   Kind         Address    Size  Object
  -------   ----         -------    ----  ------
"A0":                              0x26c
  .intvec   const            0x0   0x26c  startup_tm4c.o [1]
                         - 0x26c   0x26c

"P1":                              0x1d0
  .text     ro code        0x26c    0x7c  main.o [1]
  .text     ro code        0x2e8    0x40  bsp.o [1]
  .text     ro code        0x328    0x54  startup_tm4c.o [1]
  .text     ro code        0x37c    0x22  fpinit_M.o [3]
  .text     ro code        0x3a0    0x1e  cmain.o [4]
  .text     ro code        0x3be     0x4  low_level_init.o [2]
  .text     ro code        0x3c2     0x4  exit.o [2]
  .text     ro code        0x3c8     0xa  cexit.o [4]
  .text     ro code        0x3d4    0x14  exit.o [5]
  .text     ro code        0x3e8    0x1c  cstartup_M.o [4]
  .rodata   const          0x404     0xc  startup_tm4c.o [1]
  .rodata   const          0x410     0xc  startup_tm4c.o [1]
  .rodata   const          0x41c     0xc  startup_tm4c.o [1]
  .rodata   const          0x428     0xc  startup_tm4c.o [1]
  .rodata   const          0x434     0x8  startup_tm4c.o [1]
                         - 0x43c   0x1d0

"P2":                             0x1000
  CSTACK             0x2000'0000  0x1000  <Block>
    CSTACK  uninit   0x2000'0000  0x1000  <Block tail>
                   - 0x2000'1000  0x1000

Unused ranges:

         From           To      Size
         ----           --      ----
        0x43c     0x3'ffff  0x3'fbc4
  0x2000'1000  0x2000'7fff    0x7000



*******************************************************************************
*** MODULE SUMMARY
***

    Module            ro code  ro data  rw data
    ------            -------  -------  -------
command line/config:
    -------------------------------------------
    Total:

C:\Users\ahmed\OneDrive\Desktop\Embedded\IAR-Projects-First-Half\lesson18\Debug\Obj: [1]
    bsp.o                  64
    main.o                124
    startup_tm4c.o         84      676
    -------------------------------------------
    Total:                272      676

dl7M_tln.a: [2]
    exit.o                  4
    low_level_init.o        4
    -------------------------------------------
    Total:                  8

m7M_tls.a: [3]
    fpinit_M.o             34
    -------------------------------------------
    Total:                 34

rt7M_tl.a: [4]
    cexit.o                10
    cmain.o                30
    cstartup_M.o           28
    -------------------------------------------
    Total:                 68

shb_l.a: [5]
    exit.o                 20
    -------------------------------------------
    Total:                 20

    Gaps                    6
    Linker created                        4'096
-----------------------------------------------
    Grand Total:          408      676    4'096


*******************************************************************************
*** ENTRY LIST
***

Entry                     Address   Size  Type      Object
-----                     -------   ----  ----      ------
?main                       0x3a1         Code  Gb  cmain.o [4]
BusFault_Handler            0x347    0xa  Code  Gb  startup_tm4c.o [1]
CSTACK$$Base          0x2000'0000          --   Gb  - Linker created -
CSTACK$$Limit         0x2000'1000         Data  Gb  - Linker created -
HardFault_Handler           0x329    0xa  Code  Gb  startup_tm4c.o [1]
MemManage_Handler           0x33d    0xa  Code  Gb  startup_tm4c.o [1]
NMI_Handler                 0x333    0xa  Code  Gb  startup_tm4c.o [1]
NVIC_SystemReset            0x2e9   0x1c  Code  Lc  bsp.o [1]
Region$$Table$$Base           0x0          --   Gb  - Linker created -
Region$$Table$$Limit          0x0          --   Gb  - Linker created -
SysTick_Handler             0x30f    0xe  Code  Gb  bsp.o [1]
Unused_Handler              0x35b    0xa  Code  Gb  startup_tm4c.o [1]
UsageFault_Handler          0x351    0xa  Code  Gb  startup_tm4c.o [1]
__cmain                     0x3a1         Code  Gb  cmain.o [4]
__exit                      0x3d5   0x14  Code  Gb  exit.o [5]
__iar_init_vfp              0x37d         Code  Gb  fpinit_M.o [3]
__iar_program_start         0x3e9         Code  Gb  cstartup_M.o [4]
__low_level_init            0x3bf    0x4  Code  Gb  low_level_init.o [2]
__vector_table                0x0  0x26c  Data  Gb  startup_tm4c.o [1]
_call_main                  0x3ad         Code  Gb  cmain.o [4]
_exit                       0x3c9         Code  Gb  cexit.o [4]
assert_failed               0x305    0xa  Code  Gb  bsp.o [1]
exit                        0x3c3    0x4  Code  Gb  exit.o [2]
main                        0x26d   0x7c  Code  Gb  main.o [1]


[1] = C:\Users\ahmed\OneDrive\Desktop\Embedded\IAR-Projects-First-Half\lesson18\Debug\Obj
[2] = dl7M_tln.a
[3] = m7M_tls.a
[4] = rt7M_tl.a
[5] = shb_l.a

    408 bytes of readonly  code memory
    676 bytes of readonly  data memory
  4'096 bytes of readwrite data memory

Errors: none
Warnings: none
