###############################################################################
#
# IAR ELF Linker V9.10.1.308/W64 for ARM                  21/Oct/2024  16:17:00
# Copyright 2007-2021 IAR Systems AB.
#
#    Output file  =
#        E:\Engineer\TA Work\04-Fall-24\CSE211 Introduction to
#        Embedded\2_Hands-on_Projects\Lab_Projects\2_Embedded_C\2_LED_Toggle_PC13\Debug\Exe\02_LED_Toggle_PC13.out
#    Map file     =
#        E:\Engineer\TA Work\04-Fall-24\CSE211 Introduction to
#        Embedded\2_Hands-on_Projects\Lab_Projects\2_Embedded_C\2_LED_Toggle_PC13\Debug\List\02_LED_Toggle_PC13.map
#    Command line =
#        -f "E:\Engineer\TA Work\04-Fall-24\CSE211 Introduction to
#        Embedded\2_Hands-on_Projects\Lab_Projects\2_Embedded_C\2_LED_Toggle_PC13\Debug\Exe\02_LED_Toggle_PC13.out.rsp"
#        ("E:\Engineer\TA Work\04-Fall-24\CSE211 Introduction to
#        Embedded\2_Hands-on_Projects\Lab_Projects\2_Embedded_C\2_LED_Toggle_PC13\Debug\Obj\main.o"
#        --no_out_extension -o "E:\Engineer\TA Work\04-Fall-24\CSE211
#        Introduction to
#        Embedded\2_Hands-on_Projects\Lab_Projects\2_Embedded_C\2_LED_Toggle_PC13\Debug\Exe\02_LED_Toggle_PC13.out"
#        --redirect _Printf=_PrintfFullNoMb --redirect _Scanf=_ScanfFullNoMb
#        --map "E:\Engineer\TA Work\04-Fall-24\CSE211 Introduction to
#        Embedded\2_Hands-on_Projects\Lab_Projects\2_Embedded_C\2_LED_Toggle_PC13\Debug\List\02_LED_Toggle_PC13.map"
#        --config "C:\Program Files\IAR Systems\Embedded Workbench
#        9.0\arm\config\linker\ST\stm32f103x6.icf" --semihosting --entry
#        __iar_program_start --vfe --text_out locale)
#
###############################################################################

*******************************************************************************
*** RUNTIME MODEL ATTRIBUTES
***

CppFlavor       = *
__SystemLibrary = DLib
__dlib_version  = 6


*******************************************************************************
*** HEAP SELECTION
***

The basic heap was selected because no calls to memory allocation
functions were found in the application outside of system library
functions, and there are calls to deallocation functions in the
application.


*******************************************************************************
*** PLACEMENT SUMMARY
***

"A0":  place at address 0x800'0000 { ro section .intvec };
"P1":  place in [from 0x800'0000 to 0x800'7fff] { ro };
define block CSTACK with size = 2K, alignment = 8 { };
define block HEAP with size = 2K, alignment = 8 { };
"P2":  place in [from 0x2000'0000 to 0x2000'27ff] {
          rw, block CSTACK, block HEAP };
initialize by copy { rw };

  Section            Kind         Address   Size  Object
  -------            ----         -------   ----  ------
"A0":                                       0x40
  .intvec            ro code   0x800'0000   0x40  vector_table_M.o [3]
                             - 0x800'0040   0x40

"P1":                                      0x134
  .text              ro code   0x800'0040   0x64  main.o [1]
  .text              ro code   0x800'00a4   0x2a  copy_init3.o [3]
  .text              ro code   0x800'00ce    0x2  vectortrap_M.o [3]
  .text              ro code   0x800'00d0   0x28  data_init.o [3]
  .iar.init_table    const     0x800'00f8   0x14  - Linker created -
  .text              ro code   0x800'010c   0x1e  cmain.o [3]
  .text              ro code   0x800'012a    0x4  low_level_init.o [2]
  .text              ro code   0x800'012e    0x4  exit.o [2]
  .text              ro code   0x800'0134    0xa  cexit.o [3]
  .text              ro code   0x800'0140   0x14  exit.o [4]
  .text              ro code   0x800'0154   0x1c  cstartup_M.o [3]
  Initializer bytes  const     0x800'0170    0x4  <for P2-1>
  .rodata            const     0x800'0174    0x0  copy_init3.o [3]
                             - 0x800'0174  0x134

"P2", part 1 of 2:                           0x4
  P2-1                        0x2000'0000    0x4  <Init block>
    .data            inited   0x2000'0000    0x4  main.o [1]
                            - 0x2000'0004    0x4

"P2", part 2 of 2:                         0x800
  CSTACK                      0x2000'0008  0x800  <Block>
    CSTACK           uninit   0x2000'0008  0x800  <Block tail>
                            - 0x2000'0808  0x800

Unused ranges:

         From           To    Size
         ----           --    ----
   0x800'0174   0x800'7fff  0x7e8c
  0x2000'0004  0x2000'0007     0x4
  0x2000'0808  0x2000'27ff  0x1ff8


*******************************************************************************
*** INIT TABLE
***

          Address      Size
          -------      ----
Copy (__iar_copy_init3)
    1 source range, total size 0x4:
           0x800'0170   0x4
    1 destination range, total size 0x4:
          0x2000'0000   0x4



*******************************************************************************
*** MODULE SUMMARY
***

    Module            ro code  ro data  rw data
    ------            -------  -------  -------
command line/config:
    -------------------------------------------
    Total:

E:\Engineer\TA Work\04-Fall-24\CSE211 Introduction to Embedded\2_Hands-on_Projects\Lab_Projects\2_Embedded_C\2_LED_Toggle_PC13\Debug\Obj: [1]
    main.o                100        4        4
    -------------------------------------------
    Total:                100        4        4

dl7M_tln.a: [2]
    exit.o                  4
    low_level_init.o        4
    -------------------------------------------
    Total:                  8

rt7M_tl.a: [3]
    cexit.o                10
    cmain.o                30
    copy_init3.o           42
    cstartup_M.o           28
    data_init.o            40
    vector_table_M.o       64
    vectortrap_M.o          2
    -------------------------------------------
    Total:                216

shb_l.a: [4]
    exit.o                 20
    -------------------------------------------
    Total:                 20

    Gaps                    4
    Linker created                  20    2'048
-----------------------------------------------
    Grand Total:          348       24    2'052


*******************************************************************************
*** ENTRY LIST
***

Entry                       Address  Size  Type      Object
-----                       -------  ----  ----      ------
.iar.init_table$$Base    0x800'00f8         --   Gb  - Linker created -
.iar.init_table$$Limit   0x800'010c         --   Gb  - Linker created -
?main                    0x800'010d        Code  Gb  cmain.o [3]
BusFault_Handler         0x800'00cf        Code  Wk  vectortrap_M.o [3]
CSTACK$$Base            0x2000'0008         --   Gb  - Linker created -
CSTACK$$Limit           0x2000'0808         --   Gb  - Linker created -
DebugMon_Handler         0x800'00cf        Code  Wk  vectortrap_M.o [3]
HardFault_Handler        0x800'00cf        Code  Wk  vectortrap_M.o [3]
MemManage_Handler        0x800'00cf        Code  Wk  vectortrap_M.o [3]
NMI_Handler              0x800'00cf        Code  Wk  vectortrap_M.o [3]
PendSV_Handler           0x800'00cf        Code  Wk  vectortrap_M.o [3]
R_ODR                   0x2000'0000   0x4  Data  Gb  main.o [1]
Region$$Table$$Base      0x800'00f8         --   Gb  - Linker created -
Region$$Table$$Limit     0x800'010c         --   Gb  - Linker created -
SVC_Handler              0x800'00cf        Code  Wk  vectortrap_M.o [3]
SysTick_Handler          0x800'00cf        Code  Wk  vectortrap_M.o [3]
UsageFault_Handler       0x800'00cf        Code  Wk  vectortrap_M.o [3]
__cmain                  0x800'010d        Code  Gb  cmain.o [3]
__exit                   0x800'0141  0x14  Code  Gb  exit.o [4]
__iar_copy_init3         0x800'00a5  0x2a  Code  Gb  copy_init3.o [3]
__iar_data_init3         0x800'00d1  0x28  Code  Gb  data_init.o [3]
__iar_program_start      0x800'0155        Code  Gb  cstartup_M.o [3]
__low_level_init         0x800'012b   0x4  Code  Gb  low_level_init.o [2]
__vector_table           0x800'0000        Data  Gb  vector_table_M.o [3]
_call_main               0x800'0119        Code  Gb  cmain.o [3]
_exit                    0x800'0135        Code  Gb  cexit.o [3]
exit                     0x800'012f   0x4  Code  Gb  exit.o [2]
main                     0x800'0041  0x64  Code  Gb  main.o [1]


[1] = E:\Engineer\TA Work\04-Fall-24\CSE211 Introduction to Embedded\2_Hands-on_Projects\Lab_Projects\2_Embedded_C\2_LED_Toggle_PC13\Debug\Obj
[2] = dl7M_tln.a
[3] = rt7M_tl.a
[4] = shb_l.a

    348 bytes of readonly  code memory
     24 bytes of readonly  data memory
  2'052 bytes of readwrite data memory

Errors: none
Warnings: none
